15:56:26 **** Incremental Build of configuration Debug for project leg_module ****
make all 
Building file: ../Src/motion.c
Invoking: MCU GCC Compiler
/home/rob/zebro/KiloZebro/code/leg_module/Debug
arm-none-eabi-gcc -mcpu=cortex-m0 -mthumb -mfloat-abi=soft -D__weak="__attribute__((weak))" -D__packed="__attribute__((__packed__))" -DUSE_HAL_DRIVER -DSTM32F030x8 -I../Inc -I../Drivers/STM32F0xx_HAL_Driver/Inc -I../Drivers/STM32F0xx_HAL_Driver/Inc/Legacy -I../Drivers/CMSIS/Include -I../Drivers/CMSIS/Device/ST/STM32F0xx/Include -I../Inc -Os -g3 -Wall -fmessage-length=0 -ffunction-sections -c -fmessage-length=0 -MMD -MP -MF"Src/motion.d" -MT"Src/motion.o" -o "Src/motion.o" "../Src/motion.c"
Finished building: ../Src/motion.c
 
Building target: poot.elf
Invoking: MCU GCC Linker
arm-none-eabi-gcc -mcpu=cortex-m0 -mthumb -mfloat-abi=soft -specs=nosys.specs -specs=nano.specs -T"../STM32F030R8Tx_FLASH.ld" -Wl,-Map=output.map -Wl,--gc-sections -lm -o "poot.elf" @"objects.list"  
Finished building target: poot.elf
 
make --no-print-directory post-build
Generating binary and Printing size information:
arm-none-eabi-objcopy -O binary "poot.elf" "poot.bin"
arm-none-eabi-size "poot.elf"
   text	   data	    bss	    dec	    hex	filename
  16432	     20	   3580	  20032	   4e40	poot.elf
 
