Archive member included to satisfy reference by file (symbol)

c:/program files (x86)/atmel/studio/7.0/toolchain/avr8/avr8-gnu-toolchain/bin/../lib/gcc/avr/4.9.2/avrxmega2\libgcc.a(_divmodhi4.o)
                              src/time.o (__divmodhi4)
c:/program files (x86)/atmel/studio/7.0/toolchain/avr8/avr8-gnu-toolchain/bin/../lib/gcc/avr/4.9.2/avrxmega2\libgcc.a(_udivmodsi4.o)
                              src/ASF/xmega/drivers/usart/usart.o (__udivmodsi4)
c:/program files (x86)/atmel/studio/7.0/toolchain/avr8/avr8-gnu-toolchain/bin/../lib/gcc/avr/4.9.2/avrxmega2\libgcc.a(_exit.o)
                              C:/Program Files (x86)/Atmel/Studio/7.0/Packs/atmel/XMEGAA_DFP/1.1.63/gcc/dev/atxmega32a4u/avrxmega2/crtatxmega32a4u.o (exit)
c:/program files (x86)/atmel/studio/7.0/toolchain/avr8/avr8-gnu-toolchain/bin/../lib/gcc/avr/4.9.2/avrxmega2\libgcc.a(_copy_data.o)
                              src/motion.o (__do_copy_data)
c:/program files (x86)/atmel/studio/7.0/toolchain/avr8/avr8-gnu-toolchain/bin/../lib/gcc/avr/4.9.2/avrxmega2\libgcc.a(_clear_bss.o)
                              src/address.o (__do_clear_bss)
c:/program files (x86)/atmel/studio/7.0/toolchain/avr8/avr8-gnu-toolchain/bin/../lib/gcc/avr/4.9.2/avrxmega2\libgcc.a(_udivmodhi4.o)
                              c:/program files (x86)/atmel/studio/7.0/toolchain/avr8/avr8-gnu-toolchain/bin/../lib/gcc/avr/4.9.2/avrxmega2\libgcc.a(_divmodhi4.o) (__udivmodhi4)
c:/program files (x86)/atmel/studio/7.0/toolchain/avr8/avr8-gnu-toolchain/bin/../lib/gcc/avr/4.9.2/../../../../avr/lib/avrxmega2\libc.a(memcpy.o)
                              src/ASF/xmega/drivers/nvm/nvm.o (memcpy)

Allocating common symbols
Common symbol       size              file

vregs_buffer        0x20a             src/uart1.o
dma_data            0x8               src/ASF/xmega/drivers/dma/dma.o
sleepmgr_locks      0x6               src/ASF/common/services/sleepmgr/xmega/sleepmgr.o
vregs               0x105             src/uart1.o
adca_callback       0x2               src/ASF/xmega/drivers/adc/adc.o

Discarded input sections

 .data          0x00000000        0x0 C:/Program Files (x86)/Atmel/Studio/7.0/Packs/atmel/XMEGAA_DFP/1.1.63/gcc/dev/atxmega32a4u/avrxmega2/crtatxmega32a4u.o
 .bss           0x00000000        0x0 C:/Program Files (x86)/Atmel/Studio/7.0/Packs/atmel/XMEGAA_DFP/1.1.63/gcc/dev/atxmega32a4u/avrxmega2/crtatxmega32a4u.o
 .group         0x00000000        0x8 src/address.o
 .group         0x00000000        0x8 src/address.o
 .group         0x00000000        0x8 src/address.o
 .group         0x00000000        0x8 src/address.o
 .group         0x00000000        0x8 src/address.o
 .group         0x00000000        0x8 src/address.o
 .group         0x00000000        0x8 src/address.o
 .group         0x00000000        0x8 src/address.o
 .group         0x00000000        0x8 src/address.o
 .text          0x00000000        0x0 src/address.o
 .data          0x00000000        0x0 src/address.o
 .bss           0x00000000        0x0 src/address.o
 .text.address_get_position
                0x00000000       0x12 src/address.o
 .text.address_get_side
                0x00000000       0x12 src/address.o
 .group         0x00000000        0x8 src/ASF/xmega/drivers/ac/ac.o
 .group         0x00000000        0x8 src/ASF/xmega/drivers/ac/ac.o
 .group         0x00000000        0x8 src/ASF/xmega/drivers/ac/ac.o
 .group         0x00000000        0x8 src/ASF/xmega/drivers/ac/ac.o
 .group         0x00000000        0x8 src/ASF/xmega/drivers/ac/ac.o
 .group         0x00000000        0x8 src/ASF/xmega/drivers/ac/ac.o
 .group         0x00000000        0x8 src/ASF/xmega/drivers/ac/ac.o
 .group         0x00000000        0x8 src/ASF/xmega/drivers/ac/ac.o
 .group         0x00000000        0x8 src/ASF/xmega/drivers/ac/ac.o
 .group         0x00000000        0x8 src/ASF/xmega/drivers/ac/ac.o
 .group         0x00000000        0x8 src/ASF/xmega/drivers/ac/ac.o
 .group         0x00000000        0x8 src/ASF/xmega/drivers/ac/ac.o
 .group         0x00000000        0x8 src/ASF/xmega/drivers/ac/ac.o
 .group         0x00000000        0x8 src/ASF/xmega/drivers/ac/ac.o
 .group         0x00000000        0x8 src/ASF/xmega/drivers/ac/ac.o
 .group         0x00000000        0x8 src/ASF/xmega/drivers/ac/ac.o
 .group         0x00000000        0x8 src/ASF/xmega/drivers/ac/ac.o
 .group         0x00000000        0x8 src/ASF/xmega/drivers/ac/ac.o
 .group         0x00000000        0x8 src/ASF/xmega/drivers/ac/ac.o
 .group         0x00000000        0x8 src/ASF/xmega/drivers/ac/ac.o
 .group         0x00000000        0x8 src/ASF/xmega/drivers/ac/ac.o
 .group         0x00000000        0x8 src/ASF/xmega/drivers/ac/ac.o
 .group         0x00000000        0x8 src/ASF/xmega/drivers/ac/ac.o
 .group         0x00000000        0x8 src/ASF/xmega/drivers/ac/ac.o
 .group         0x00000000        0x8 src/ASF/xmega/drivers/ac/ac.o
 .group         0x00000000        0x8 src/ASF/xmega/drivers/ac/ac.o
[...]
Memory Configuration

Name             Origin             Length             Attributes
text             0x00000000         0x00100000         xr
data             0x00802000         0x0000ffa0         rw !x
eeprom           0x00810000         0x00010000         rw !x
fuse             0x00820000         0x00000006         rw !x
lock             0x00830000         0x00000400         rw !x
signature        0x00840000         0x00000400         rw !x
user_signatures  0x00850000         0x00000400         rw !x
*default*        0x00000000         0xffffffff

Linker script and memory map

LOAD C:/Program Files (x86)/Atmel/Studio/7.0/Packs/atmel/XMEGAA_DFP/1.1.63/gcc/dev/atxmega32a4u/avrxmega2/crtatxmega32a4u.o
LOAD src/address.o
LOAD src/ASF/xmega/drivers/ac/ac.o
LOAD src/motion.o
LOAD src/time.o
LOAD src/zebrobus.o
LOAD src/ASF/xmega/drivers/adc/adc.o
LOAD src/ASF/xmega/drivers/adc/xmega_aau/adc_aau.o
LOAD src/ASF/xmega/drivers/usart/usart.o
LOAD src/clock.o
LOAD src/encoder.o
LOAD src/errors.o
LOAD src/hbridge.o
LOAD src/interrupts.o
LOAD src/leds.o
LOAD src/uart1.o
LOAD src/vregs.o
LOAD src/ASF/common/services/sleepmgr/xmega/sleepmgr.o
LOAD src/ASF/common/services/ioport/xmega/ioport_compat.o
LOAD src/ASF/common/services/clock/xmega/sysclk.o
LOAD src/ASF/common/services/hugemem/avr8/avr8_hugemem.o
LOAD src/ASF/xmega/drivers/dma/dma.o
LOAD src/ASF/xmega/drivers/nvm/nvm.o
LOAD src/ASF/xmega/drivers/nvm/nvm_asm.o
LOAD src/ASF/xmega/drivers/cpu/ccp.o
LOAD src/ASF/common/boards/user_board/init.o
LOAD src/main.o
START GROUP
LOAD c:/program files (x86)/atmel/studio/7.0/toolchain/avr8/avr8-gnu-toolchain/bin/../lib/gcc/avr/4.9.2/../../../../avr/lib/avrxmega2\libm.a
END GROUP
START GROUP
LOAD c:/program files (x86)/atmel/studio/7.0/toolchain/avr8/avr8-gnu-toolchain/bin/../lib/gcc/avr/4.9.2/avrxmega2\libgcc.a
LOAD c:/program files (x86)/atmel/studio/7.0/toolchain/avr8/avr8-gnu-toolchain/bin/../lib/gcc/avr/4.9.2/../../../../avr/lib/avrxmega2\libm.a
LOAD c:/program files (x86)/atmel/studio/7.0/toolchain/avr8/avr8-gnu-toolchain/bin/../lib/gcc/avr/4.9.2/../../../../avr/lib/avrxmega2\libc.a
LOAD C:/Program Files (x86)/Atmel/Studio/7.0/Packs/atmel/XMEGAA_DFP/1.1.63/gcc/dev/atxmega32a4u/avrxmega2\libatxmega32a4u.a
END GROUP
                0x00100000                __TEXT_REGION_LENGTH__ = DEFINED (__TEXT_REGION_LENGTH__)?__TEXT_REGION_LENGTH__:0x100000
                0x0000ffa0                __DATA_REGION_LENGTH__ = DEFINED (__DATA_REGION_LENGTH__)?__DATA_REGION_LENGTH__:0xffa0
                0x00010000                __EEPROM_REGION_LENGTH__ = DEFINED (__EEPROM_REGION_LENGTH__)?__EEPROM_REGION_LENGTH__:0x10000
                [0x00000006]                __FUSE_REGION_LENGTH__ = DEFINED (__FUSE_REGION_LENGTH__)?__FUSE_REGION_LENGTH__:0x400
                0x00000400                __LOCK_REGION_LENGTH__ = DEFINED (__LOCK_REGION_LENGTH__)?__LOCK_REGION_LENGTH__:0x400
                0x00000400                __SIGNATURE_REGION_LENGTH__ = DEFINED (__SIGNATURE_REGION_LENGTH__)?__SIGNATURE_REGION_LENGTH__:0x400
                0x00000400                __USER_SIGNATURE_REGION_LENGTH__ = DEFINED (__USER_SIGNATURE_REGION_LENGTH__)?__USER_SIGNATURE_REGION_LENGTH__:0x400

.hash
 *(.hash)

.dynsym
 *(.dynsym)

.dynstr
 *(.dynstr)

.gnu.version
 *(.gnu.version)

.gnu.version_d
 *(.gnu.version_d)

.gnu.version_r
 *(.gnu.version_r)

.rel.init
 *(.rel.init)

.rela.init
 *(.rela.init)

.rel.text
 *(.rel.text)
 *(.rel.text.*)
 *(.rel.gnu.linkonce.t*)

.rela.text
 *(.rela.text)
 *(.rela.text.*)
 *(.rela.gnu.linkonce.t*)

.rel.fini
 *(.rel.fini)

.rela.fini
 *(.rela.fini)

.rel.rodata
 *(.rel.rodata)
 *(.rel.rodata.*)
 *(.rel.gnu.linkonce.r*)

.rela.rodata
 *(.rela.rodata)
 *(.rela.rodata.*)
 *(.rela.gnu.linkonce.r*)

.rel.data
 *(.rel.data)
 *(.rel.data.*)
 *(.rel.gnu.linkonce.d*)

.rela.data
 *(.rela.data)
 *(.rela.data.*)
 *(.rela.gnu.linkonce.d*)

.rel.ctors
 *(.rel.ctors)

.rela.ctors
 *(.rela.ctors)

.rel.dtors
 *(.rel.dtors)

.rela.dtors
 *(.rela.dtors)

.rel.got
 *(.rel.got)

.rela.got
 *(.rela.got)

.rel.bss
 *(.rel.bss)

.rela.bss
 *(.rela.bss)

.rel.plt
 *(.rel.plt)

.rela.plt
 *(.rela.plt)

.text           0x00000000      0xd2c
 *(.vectors)
 .vectors       0x00000000      0x1fc C:/Program Files (x86)/Atmel/Studio/7.0/Packs/atmel/XMEGAA_DFP/1.1.63/gcc/dev/atxmega32a4u/avrxmega2/crtatxmega32a4u.o
                0x00000000                __vector_default
                0x00000000                __vectors
 *(.vectors)
 *(.progmem.gcc*)
                0x000001fc                . = ALIGN (0x2)
                0x000001fc                __trampolines_start = .
 *(.trampolines)
 .trampolines   0x000001fc        0x0 linker stubs
 *(.trampolines*)
                0x000001fc                __trampolines_end = .
 *libprintf_flt.a:*(.progmem.data)
 *libc.a:*(.progmem.data)
 *(.progmem*)
                0x000001fc                . = ALIGN (0x2)
 *(.jumptables)
 *(.jumptables*)
 *(.lowtext)
 *(.lowtext*)
                0x000001fc                __ctors_start = .
 *(.ctors)
                0x000001fc                __ctors_end = .
                0x000001fc                __dtors_start = .
 *(.dtors)
                0x000001fc                __dtors_end = .
 SORT(*)(.ctors)
 SORT(*)(.dtors)
 *(.init0)
 .init0         0x000001fc        0x0 C:/Program Files (x86)/Atmel/Studio/7.0/Packs/atmel/XMEGAA_DFP/1.1.63/gcc/dev/atxmega32a4u/avrxmega2/crtatxmega32a4u.o
                0x000001fc                __init
 *(.init0)
 *(.init1)
 *(.init1)
 *(.init2)
 .init2         0x000001fc        0xc C:/Program Files (x86)/Atmel/Studio/7.0/Packs/atmel/XMEGAA_DFP/1.1.63/gcc/dev/atxmega32a4u/avrxmega2/crtatxmega32a4u.o
 *(.init2)
 *(.init3)
 *(.init3)
 *(.init4)
 .init4         0x00000208       0x16 c:/program files (x86)/atmel/studio/7.0/toolchain/avr8/avr8-gnu-toolchain/bin/../lib/gcc/avr/4.9.2/avrxmega2\libgcc.a(_copy_data.o)
                0x00000208                __do_copy_data
 .init4         0x0000021e       0x10 c:/program files (x86)/atmel/studio/7.0/toolchain/avr8/avr8-gnu-toolchain/bin/../lib/gcc/avr/4.9.2/avrxmega2\libgcc.a(_clear_bss.o)
                0x0000021e                __do_clear_bss
 *(.init4)
 *(.init5)
 *(.init5)
 *(.init6)
 *(.init6)
 *(.init7)
 *(.init7)
 *(.init8)
 *(.init8)
 *(.init9)
 .init9         0x0000022e        0x4 C:/Program Files (x86)/Atmel/Studio/7.0/Packs/atmel/XMEGAA_DFP/1.1.63/gcc/dev/atxmega32a4u/avrxmega2/crtatxmega32a4u.o
 *(.init9)
 *(.text)
 .text          0x00000232        0x2 C:/Program Files (x86)/Atmel/Studio/7.0/Packs/atmel/XMEGAA_DFP/1.1.63/gcc/dev/atxmega32a4u/avrxmega2/crtatxmega32a4u.o
                0x00000232                __vector_38
                0x00000232                __vector_104
                0x00000232                __vector_22
                0x00000232                __vector_63
                0x00000232                __vector_28
                0x00000232                __vector_67
                0x00000232                __vector_1
                0x00000232                __vector_119
                0x00000232                __vector_32
                0x00000232                __vector_75
                0x00000232                __vector_91
                0x00000232                __vector_34
                0x00000232                __vector_62
                0x00000232                __vector_77
                0x00000232                __vector_102
                0x00000232                __vector_24
                0x00000232                __vector_12
                0x00000232                __vector_55
                0x00000232                __vector_81
                0x00000232                __vector_90
                0x00000232                __vector_46
                0x00000232                __bad_interrupt
                0x00000232                __vector_122
                0x00000232                __vector_114
                0x00000232                __vector_110
                0x00000232                __vector_31
                0x00000232                __vector_92
                0x00000232                __vector_35
                0x00000232                __vector_78
                0x00000232                __vector_117
                0x00000232                __vector_39
                0x00000232                __vector_107
                0x00000232                __vector_3
                0x00000232                __vector_105
                0x00000232                __vector_98
                0x00000232                __vector_23
                0x00000232                __vector_30
                0x00000232                __vector_25
                0x00000232                __vector_93
                0x00000232                __vector_61
                0x00000232                __vector_11
                0x00000232                __vector_54
                0x00000232                __vector_99
                0x00000232                __vector_13
                0x00000232                __vector_17
                0x00000232                __vector_19
                0x00000232                __vector_56
                0x00000232                __vector_125
                0x00000232                __vector_49
                0x00000232                __vector_123
                0x00000232                __vector_41
                0x00000232                __vector_86
                0x00000232                __vector_100
                0x00000232                __vector_101
                0x00000232                __vector_64
                0x00000232                __vector_88
                0x00000232                __vector_109
                0x00000232                __vector_43
                0x00000232                __vector_27
                0x00000232                __vector_5
                0x00000232                __vector_113
                0x00000232                __vector_33
                0x00000232                __vector_76
                0x00000232                __vector_115
                0x00000232                __vector_47
                0x00000232                __vector_52
                0x00000232                __vector_37
                0x00000232                __vector_95
                0x00000232                __vector_103
                0x00000232                __vector_96
                0x00000232                __vector_89
                0x00000232                __vector_108
                0x00000232                __vector_4
                0x00000232                __vector_44
                0x00000232                __vector_82
                0x00000232                __vector_106
                0x00000232                __vector_118
                0x00000232                __vector_51
                0x00000232                __vector_2
                0x00000232                __vector_21
                0x00000232                __vector_15
                0x00000232                __vector_66
                0x00000232                __vector_36
                0x00000232                __vector_79
                0x00000232                __vector_58
                0x00000232                __vector_83
                0x00000232                __vector_29
                0x00000232                __vector_60
                0x00000232                __vector_121
                0x00000232                __vector_40
                0x00000232                __vector_85
                0x00000232                __vector_94
                0x00000232                __vector_126
                0x00000232                __vector_26
                0x00000232                __vector_48
                0x00000232                __vector_124
                0x00000232                __vector_116
                0x00000232                __vector_112
                0x00000232                __vector_111
                0x00000232                __vector_80
                0x00000232                __vector_14
                0x00000232                __vector_84
                0x00000232                __vector_57
                0x00000232                __vector_53
                0x00000232                __vector_50
                0x00000232                __vector_16
                0x00000232                __vector_59
                0x00000232                __vector_18
                0x00000232                __vector_97
                0x00000232                __vector_20
                0x00000232                __vector_42
                0x00000232                __vector_87
                0x00000232                __vector_65
                0x00000232                __vector_120
                0x00000234                . = ALIGN (0x2)
 *(.text.*)
 .text.address_init
                0x00000234       0x28 src/address.o
                0x00000234                address_init
 .text.address_get_zebrobus_address
                0x0000025c       0x1e src/address.o
                0x0000025c                address_get_zebrobus_address
 .text.__vector_68
                0x0000027a       0x6e src/ASF/xmega/drivers/ac/ac.o
                0x0000027a                __vector_68
 .text.__vector_69
                0x000002e8       0x6e src/ASF/xmega/drivers/ac/ac.o
                0x000002e8                __vector_69
 .text.__vector_70
                0x00000356       0x5e src/ASF/xmega/drivers/ac/ac.o
                0x00000356                __vector_70
 .text.__vector_10
                0x000003b4       0x4a src/time.o
                0x000003b4                __vector_10
 .text.zebrobus_put_write_request
                0x000003fe       0x62 src/zebrobus.o
                0x000003fe                zebrobus_put_write_request
 .text.zebrobus_slave_init
                0x00000460       0x62 src/zebrobus.o
                0x00000460                zebrobus_slave_init
 .text.__vector_45
                0x000004c2       0xfe src/zebrobus.o
                0x000004c2                __vector_45
 .text.__vector_71
                0x000005c0       0x5c src/ASF/xmega/drivers/adc/xmega_aau/adc_aau.o
                0x000005c0                __vector_71
 .text.__vector_72
                0x0000061c       0x5c src/ASF/xmega/drivers/adc/xmega_aau/adc_aau.o
                0x0000061c                __vector_72
 .text.__vector_73
                0x00000678       0x5c src/ASF/xmega/drivers/adc/xmega_aau/adc_aau.o
                0x00000678                __vector_73
 .text.__vector_74
                0x000006d4       0x5c src/ASF/xmega/drivers/adc/xmega_aau/adc_aau.o
                0x000006d4                __vector_74
 .text.clock_init
                0x00000730       0x20 src/clock.o
                0x00000730                clock_init
 .text.errors_emergency_stop
                0x00000750       0x2e src/errors.o
                0x00000750                errors_emergency_stop
 .text.errors_report
                0x0000077e       0x78 src/errors.o
                0x0000077e                errors_report
 .text.hbridge_init
                0x000007f6       0x6c src/hbridge.o
                0x000007f6                hbridge_init
 .text.hbridge_disable
                0x00000862       0x18 src/hbridge.o
                0x00000862                hbridge_disable
 .text.hbridge_sign_magnitude
                0x0000087a       0x38 src/hbridge.o
                0x0000087a                hbridge_sign_magnitude
 .text.interrupts_disable
                0x000008b2        0xe src/interrupts.o
                0x000008b2                interrupts_disable
 .text.interrupts_enable
                0x000008c0       0x1c src/interrupts.o
                0x000008c0                interrupts_enable
 .text.leds_init
                0x000008dc       0x28 src/leds.o
                0x000008dc                leds_init
 .text.leds_set_LD1
                0x00000904        0xc src/leds.o
                0x00000904                leds_set_LD1
 .text.leds_clear_LD1
                0x00000910        0xc src/leds.o
                0x00000910                leds_clear_LD1
 .text.uart1_pins_init
                0x0000091c       0x18 src/uart1.o
                0x0000091c                uart1_pins_init
 .text.uart1_init
                0x00000934       0x20 src/uart1.o
                0x00000934                uart1_init
 .text.uart1_send_raw
                0x00000954       0x24 src/uart1.o
                0x00000954                uart1_send_raw
 .text.vregs_write
                0x00000978       0x1c src/vregs.o
                0x00000978                vregs_write
 .text.vregs_read_buffer
                0x00000994       0x34 src/vregs.o
                0x00000994                vregs_read_buffer
 .text.vregs_writeout
                0x000009c8       0x50 src/vregs.o
                0x000009c8                vregs_writeout
 .text.vregs_init
                0x00000a18       0x46 src/vregs.o
                0x00000a18                vregs_init
 .text.sysclk_init
                0x00000a5e       0x20 src/ASF/common/services/clock/xmega/sysclk.o
                0x00000a5e                sysclk_init
 .text.sysclk_enable_module
                0x00000a7e       0x2c src/ASF/common/services/clock/xmega/sysclk.o
                0x00000a7e                sysclk_enable_module
 .text.dma_interrupt
                0x00000aaa       0xc0 src/ASF/xmega/drivers/dma/dma.o
 .text.__vector_6
                0x00000b6a       0x48 src/ASF/xmega/drivers/dma/dma.o
                0x00000b6a                __vector_6
 .text.__vector_7
                0x00000bb2       0x48 src/ASF/xmega/drivers/dma/dma.o
                0x00000bb2                __vector_7
 .text.__vector_8
                0x00000bfa       0x48 src/ASF/xmega/drivers/dma/dma.o
                0x00000bfa                __vector_8
 .text.__vector_9
                0x00000c42       0x48 src/ASF/xmega/drivers/dma/dma.o
                0x00000c42                __vector_9
 .text.ccp_write_io
                0x00000c8a        0xc src/ASF/xmega/drivers/cpu/ccp.o
                0x00000c8a                ccp_write_io
 .text.board_init
                0x00000c96        0x2 src/ASF/common/boards/user_board/init.o
                0x00000c96                board_init
 .text.main     0x00000c98       0x42 src/main.o
                0x00000c98                main
 .text.libgcc.div
                0x00000cda       0x26 c:/program files (x86)/atmel/studio/7.0/toolchain/avr8/avr8-gnu-toolchain/bin/../lib/gcc/avr/4.9.2/avrxmega2\libgcc.a(_divmodhi4.o)
                0x00000cda                _div
                0x00000cda                __divmodhi4
 .text.libgcc.div
                0x00000d00       0x28 c:/program files (x86)/atmel/studio/7.0/toolchain/avr8/avr8-gnu-toolchain/bin/../lib/gcc/avr/4.9.2/avrxmega2\libgcc.a(_udivmodhi4.o)
                0x00000d00                __udivmodhi4
                0x00000d28                . = ALIGN (0x2)
 *(.fini9)
 .fini9         0x00000d28        0x0 c:/program files (x86)/atmel/studio/7.0/toolchain/avr8/avr8-gnu-toolchain/bin/../lib/gcc/avr/4.9.2/avrxmega2\libgcc.a(_exit.o)
                0x00000d28                _exit
                0x00000d28                exit
 *(.fini9)
 *(.fini8)
 *(.fini8)
 *(.fini7)
 *(.fini7)
 *(.fini6)
 *(.fini6)
 *(.fini5)
 *(.fini5)
 *(.fini4)
 *(.fini4)
 *(.fini3)
 *(.fini3)
 *(.fini2)
 *(.fini2)
 *(.fini1)
 *(.fini1)
 *(.fini0)
 .fini0         0x00000d28        0x4 c:/program files (x86)/atmel/studio/7.0/toolchain/avr8/avr8-gnu-toolchain/bin/../lib/gcc/avr/4.9.2/avrxmega2\libgcc.a(_exit.o)
 *(.fini0)
                0x00000d2c                _etext = .

.data           0x00802000        0x0 load address 0x00000d2c
                0x00802000                PROVIDE (__data_start, .)
 *(.data)
 *(.data*)
 *(.rodata)
 *(.rodata*)
 *(.gnu.linkonce.d*)
                0x00802000                . = ALIGN (0x2)
                0x00802000                _edata = .
                0x00802000                PROVIDE (__data_end, .)

.bss            0x00802000      0x44f
                0x00802000                PROVIDE (__bss_start, .)
 *(.bss)
 *(.bss*)
 .bss.leg_side  0x00802000        0x4 src/address.o
 .bss.leg_position
                0x00802004        0x4 src/address.o
 .bss.ac_aca_callback
                0x00802008        0x2 src/ASF/xmega/drivers/ac/ac.o
 .bss.queue_end
                0x0080200a        0x1 src/zebrobus.o
 .bss.queue_start
                0x0080200b        0x1 src/zebrobus.o
 .bss.write_queue
                0x0080200c       0xfa src/zebrobus.o
 .bss.request_address
                0x00802106        0x1 src/zebrobus.o
 .bss.request_address_base
                0x00802107        0x1 src/zebrobus.o
 .bss.state     0x00802108        0x1 src/zebrobus.o
 .bss.zebrobus_is_master
                0x00802109        0x1 src/zebrobus.o
 .bss.emergency_stop
                0x0080210a        0x4 src/errors.o
 .bss.errors_array
                0x0080210e       0x24 src/errors.o
 .bss.last_error
                0x00802132        0x1 src/errors.o
 .bss.error_counter
                0x00802133        0x1 src/errors.o
 .bss.interrupt_counter
                0x00802134        0x1 src/interrupts.o
                0x00802134                interrupt_counter
 .bss.buffer_selector
                0x00802135        0x1 src/vregs.o
 *(COMMON)
 COMMON         0x00802136        0x2 src/ASF/xmega/drivers/adc/adc.o
                0x00802136                adca_callback
 COMMON         0x00802138      0x30f src/uart1.o
                0x00802138                vregs_buffer
                0x00802342                vregs
 COMMON         0x00802447        0x8 src/ASF/xmega/drivers/dma/dma.o
                0x00802447                dma_data
                0x0080244f                PROVIDE (__bss_end, .)
                0x00000d2c                __data_load_start = LOADADDR (.data)
                0x00000d2c                __data_load_end = (__data_load_start + SIZEOF (.data))

.noinit         0x0080244f        0x0
                [!provide]                PROVIDE (__noinit_start, .)
 *(.noinit*)
                [!provide]                PROVIDE (__noinit_end, .)
                0x0080244f                _end = .
                [!provide]                PROVIDE (__heap_start, .)

.eeprom         0x00810000        0x0
 *(.eeprom*)
                0x00810000                __eeprom_end = .

.fuse
 *(.fuse)
 *(.lfuse)
 *(.hfuse)
 *(.efuse)

.lock
 *(.lock*)

.signature
 *(.signature*)

.user_signatures
 *(.user_signatures*)

.stab
 *(.stab)

.stabstr
 *(.stabstr)

.stab.excl
 *(.stab.excl)

.stab.exclstr
 *(.stab.exclstr)

.stab.index
 *(.stab.index)

.stab.indexstr
 *(.stab.indexstr)

.comment        0x00000000       0x30
 *(.comment)
 .comment       0x00000000       0x30 src/address.o
                                 0x31 (size before relaxing)
 .comment       0x00000030       0x31 src/ASF/xmega/drivers/ac/ac.o
 .comment       0x00000030       0x31 src/time.o
 .comment       0x00000030       0x31 src/zebrobus.o
 .comment       0x00000030       0x31 src/ASF/xmega/drivers/adc/adc.o
 .comment       0x00000030       0x31 src/ASF/xmega/drivers/adc/xmega_aau/adc_aau.o
 .comment       0x00000030       0x31 src/clock.o
 .comment       0x00000030       0x31 src/errors.o
 .comment       0x00000030       0x31 src/hbridge.o
 .comment       0x00000030       0x31 src/interrupts.o
 .comment       0x00000030       0x31 src/leds.o
 .comment       0x00000030       0x31 src/uart1.o
 .comment       0x00000030       0x31 src/vregs.o
 .comment       0x00000030       0x31 src/ASF/common/services/clock/xmega/sysclk.o
 .comment       0x00000030       0x31 src/ASF/xmega/drivers/dma/dma.o
 .comment       0x00000030       0x31 src/ASF/common/boards/user_board/init.o
 .comment       0x00000030       0x31 src/main.o

.note.gnu.avr.deviceinfo
                0x00000000       0x40
 .note.gnu.avr.deviceinfo
                0x00000000       0x40 C:/Program Files (x86)/Atmel/Studio/7.0/Packs/atmel/XMEGAA_DFP/1.1.63/gcc/dev/atxmega32a4u/avrxmega2/crtatxmega32a4u.o

.note.gnu.build-id
 *(.note.gnu.build-id)

.debug
 *(.debug)

.line
 *(.line)

.debug_srcinfo
 *(.debug_srcinfo)

.debug_sfnames
 *(.debug_sfnames)

.debug_aranges  0x00000000      0x498
 *(.debug_aranges)
 .debug_aranges
                0x00000000       0x38 src/address.o
 .debug_aranges
                0x00000038       0x60 src/ASF/xmega/drivers/ac/ac.o
 .debug_aranges
                0x00000098       0x60 src/time.o
 .debug_aranges
                0x000000f8       0x40 src/zebrobus.o
 .debug_aranges
                0x00000138       0x48 src/ASF/xmega/drivers/adc/adc.o
 .debug_aranges
                0x00000180       0x58 src/ASF/xmega/drivers/adc/xmega_aau/adc_aau.o
 .debug_aranges
                0x000001d8       0x20 src/clock.o
 .debug_aranges
                0x000001f8       0x48 src/errors.o
 .debug_aranges
                0x00000240       0x38 src/hbridge.o
 .debug_aranges
                0x00000278       0x28 src/interrupts.o
 .debug_aranges
                0x000002a0       0x60 src/leds.o
 .debug_aranges
                0x00000300       0x48 src/uart1.o
 .debug_aranges
                0x00000348       0x48 src/vregs.o
 .debug_aranges
                0x00000390       0x40 src/ASF/common/services/clock/xmega/sysclk.o
 .debug_aranges
                0x000003d0       0x68 src/ASF/xmega/drivers/dma/dma.o
 .debug_aranges
                0x00000438       0x20 src/ASF/xmega/drivers/cpu/ccp.o
 .debug_aranges
                0x00000458       0x20 src/ASF/common/boards/user_board/init.o
 .debug_aranges
                0x00000478       0x20 src/main.o

.debug_pubnames
 *(.debug_pubnames)

.debug_info     0x00000000     0x9465
 *(.debug_info .gnu.linkonce.wi.*)
 .debug_info    0x00000000     0x284f C:/Program Files (x86)/Atmel/Studio/7.0/Packs/atmel/XMEGAA_DFP/1.1.63/gcc/dev/atxmega32a4u/avrxmega2/crtatxmega32a4u.o
 .debug_info    0x0000284f       0xfb src/address.o
 .debug_info    0x0000294a      0x945 src/ASF/xmega/drivers/ac/ac.o
 .debug_info    0x0000328f      0x876 src/time.o
 .debug_info    0x00003b05      0x87b src/zebrobus.o
 .debug_info    0x00004380      0xa49 src/ASF/xmega/drivers/adc/adc.o
 .debug_info    0x00004dc9      0xd52 src/ASF/xmega/drivers/adc/xmega_aau/adc_aau.o
 .debug_info    0x00005b1b      0x1ce src/clock.o
 .debug_info    0x00005ce9      0x41a src/errors.o
 .debug_info    0x00006103      0xac0 src/hbridge.o
 .debug_info    0x00006bc3      0x193 src/interrupts.o
 .debug_info    0x00006d56      0x4f6 src/leds.o
 .debug_info    0x0000724c      0x685 src/uart1.o
 .debug_info    0x000078d1      0x321 src/vregs.o
 .debug_info    0x00007bf2      0x70f src/ASF/common/services/clock/xmega/sysclk.o
 .debug_info    0x00008301      0xa4e src/ASF/xmega/drivers/dma/dma.o
 .debug_info    0x00008d4f       0x8b src/ASF/xmega/drivers/cpu/ccp.o
 .debug_info    0x00008dda      0x158 src/ASF/common/boards/user_board/init.o
 .debug_info    0x00008f32      0x533 src/main.o

.debug_abbrev   0x00000000     0x45fb
 *(.debug_abbrev)
 .debug_abbrev  0x00000000     0x262c C:/Program Files (x86)/Atmel/Studio/7.0/Packs/atmel/XMEGAA_DFP/1.1.63/gcc/dev/atxmega32a4u/avrxmega2/crtatxmega32a4u.o
 .debug_abbrev  0x0000262c       0x65 src/address.o
 .debug_abbrev  0x00002691      0x2cc src/ASF/xmega/drivers/ac/ac.o
 .debug_abbrev  0x0000295d      0x325 src/time.o
 .debug_abbrev  0x00002c82      0x1f0 src/zebrobus.o
 .debug_abbrev  0x00002e72      0x2ed src/ASF/xmega/drivers/adc/adc.o
 .debug_abbrev  0x0000315f      0x33c src/ASF/xmega/drivers/adc/xmega_aau/adc_aau.o
 .debug_abbrev  0x0000349b       0x9e src/clock.o
 .debug_abbrev  0x00003539      0x198 src/errors.o
 .debug_abbrev  0x000036d1      0x1ae src/hbridge.o
 .debug_abbrev  0x0000387f       0xbd src/interrupts.o
 .debug_abbrev  0x0000393c      0x16c src/leds.o
 .debug_abbrev  0x00003aa8      0x1b9 src/uart1.o
 .debug_abbrev  0x00003c61      0x17b src/vregs.o
 .debug_abbrev  0x00003ddc      0x237 src/ASF/common/services/clock/xmega/sysclk.o
 .debug_abbrev  0x00004013      0x315 src/ASF/xmega/drivers/dma/dma.o
 .debug_abbrev  0x00004328       0x14 src/ASF/xmega/drivers/cpu/ccp.o
 .debug_abbrev  0x0000433c       0xaa src/ASF/common/boards/user_board/init.o
 .debug_abbrev  0x000043e6      0x215 src/main.o

.debug_line     0x00000000     0x95e1
 *(.debug_line .debug_line.* .debug_line_end)
 .debug_line    0x00000000      0x391 C:/Program Files (x86)/Atmel/Studio/7.0/Packs/atmel/XMEGAA_DFP/1.1.63/gcc/dev/atxmega32a4u/avrxmega2/crtatxmega32a4u.o
 .debug_line    0x00000391      0x1d2 src/address.o
 .debug_line    0x00000563      0x935 src/ASF/xmega/drivers/ac/ac.o
 .debug_line    0x00000e98      0xaba src/time.o
 .debug_line    0x00001952      0xb2a src/zebrobus.o
 .debug_line    0x0000247c      0x786 src/ASF/xmega/drivers/adc/adc.o
 .debug_line    0x00002c02      0x8dd src/ASF/xmega/drivers/adc/xmega_aau/adc_aau.o
 .debug_line    0x000034df      0x26d src/clock.o
 .debug_line    0x0000374c      0xa64 src/errors.o
 .debug_line    0x000041b0      0x9b3 src/hbridge.o
 .debug_line    0x00004b63      0x93c src/interrupts.o
 .debug_line    0x0000549f      0x9ea src/leds.o
 .debug_line    0x00005e89      0xa81 src/uart1.o
 .debug_line    0x0000690a      0xa48 src/vregs.o
 .debug_line    0x00007352      0x62d src/ASF/common/services/clock/xmega/sysclk.o
 .debug_line    0x0000797f      0x954 src/ASF/xmega/drivers/dma/dma.o
 .debug_line    0x000082d3       0x6e src/ASF/xmega/drivers/cpu/ccp.o
 .debug_line    0x00008341      0x8d2 src/ASF/common/boards/user_board/init.o
 .debug_line    0x00008c13      0x9ce src/main.o

.debug_frame    0x00000000      0xd74
 *(.debug_frame)
 .debug_frame   0x00000000       0x54 src/address.o
 .debug_frame   0x00000054      0x1f8 src/ASF/xmega/drivers/ac/ac.o
 .debug_frame   0x0000024c      0x108 src/time.o
 .debug_frame   0x00000354      0x114 src/zebrobus.o
 .debug_frame   0x00000468       0xbc src/ASF/xmega/drivers/adc/adc.o
 .debug_frame   0x00000524      0x284 src/ASF/xmega/drivers/adc/xmega_aau/adc_aau.o
 .debug_frame   0x000007a8       0x24 src/clock.o
 .debug_frame   0x000007cc       0x7c src/errors.o
 .debug_frame   0x00000848       0x60 src/hbridge.o
 .debug_frame   0x000008a8       0x34 src/interrupts.o
 .debug_frame   0x000008dc       0xa4 src/leds.o
 .debug_frame   0x00000980       0x7c src/uart1.o
 .debug_frame   0x000009fc       0x7c src/vregs.o
 .debug_frame   0x00000a78       0x94 src/ASF/common/services/clock/xmega/sysclk.o
 .debug_frame   0x00000b0c      0x220 src/ASF/xmega/drivers/dma/dma.o
 .debug_frame   0x00000d2c       0x24 src/ASF/common/boards/user_board/init.o
 .debug_frame   0x00000d50       0x24 src/main.o

.debug_str      0x00000000    0x2d01a
 *(.debug_str)
 .debug_str     0x00000000     0x1aa8 C:/Program Files (x86)/Atmel/Studio/7.0/Packs/atmel/XMEGAA_DFP/1.1.63/gcc/dev/atxmega32a4u/avrxmega2/crtatxmega32a4u.o
 .debug_str     0x00001aa8     0x444c src/address.o
                               0x450c (size before relaxing)
 .debug_str     0x00005ef4    0x2385c src/ASF/xmega/drivers/ac/ac.o
                              0x27496 (size before relaxing)
 .debug_str     0x00029750     0x1c60 src/time.o
                              0x29932 (size before relaxing)
 .debug_str     0x0002b3b0      0x53c src/zebrobus.o
                              0x29c94 (size before relaxing)
 .debug_str     0x0002b8ec      0x33e src/ASF/xmega/drivers/adc/adc.o
                              0x27bf2 (size before relaxing)
 .debug_str     0x0002bc2a      0x58c src/ASF/xmega/drivers/adc/xmega_aau/adc_aau.o
                              0x27e67 (size before relaxing)
 .debug_str     0x0002c1b6       0x4e src/clock.o
                              0x17246 (size before relaxing)
 .debug_str     0x0002c204      0x10b src/errors.o
                              0x2941c (size before relaxing)
 .debug_str     0x0002c30f      0x2e9 src/hbridge.o
                              0x28b8b (size before relaxing)
 .debug_str     0x0002c5f8       0x26 src/interrupts.o
                              0x28663 (size before relaxing)
 .debug_str     0x0002c61e      0x12d src/leds.o
                              0x28a0a (size before relaxing)
 .debug_str     0x0002c74b      0x422 src/uart1.o
                              0x297e2 (size before relaxing)
 .debug_str     0x0002cb6d       0x35 src/vregs.o
                              0x2929a (size before relaxing)
 .debug_str     0x0002cba2      0x179 src/ASF/common/services/clock/xmega/sysclk.o
                              0x271ff (size before relaxing)
 .debug_str     0x0002cd1b      0x27f src/ASF/xmega/drivers/dma/dma.o
                              0x277ce (size before relaxing)
 .debug_str     0x0002cf9a       0x36 src/ASF/common/boards/user_board/init.o
                              0x28638 (size before relaxing)
 .debug_str     0x0002cfd0       0x4a src/main.o
                              0x29af2 (size before relaxing)

.debug_loc      0x00000000     0x26ae
 *(.debug_loc)
 .debug_loc     0x00000000      0x7a2 src/ASF/xmega/drivers/ac/ac.o
 .debug_loc     0x000007a2      0x200 src/time.o
 .debug_loc     0x000009a2      0x46d src/zebrobus.o
 .debug_loc     0x00000e0f      0x246 src/ASF/xmega/drivers/adc/adc.o
 .debug_loc     0x00001055      0x9f9 src/ASF/xmega/drivers/adc/xmega_aau/adc_aau.o
 .debug_loc     0x00001a4e      0x116 src/errors.o
 .debug_loc     0x00001b64       0xb5 src/hbridge.o
 .debug_loc     0x00001c19       0xa2 src/leds.o
 .debug_loc     0x00001cbb       0x4c src/uart1.o
 .debug_loc     0x00001d07       0xe7 src/vregs.o
 .debug_loc     0x00001dee      0x2c4 src/ASF/common/services/clock/xmega/sysclk.o
 .debug_loc     0x000020b2      0x5e6 src/ASF/xmega/drivers/dma/dma.o
 .debug_loc     0x00002698       0x16 src/main.o

.debug_macinfo
 *(.debug_macinfo)

.debug_weaknames
 *(.debug_weaknames)

.debug_funcnames
 *(.debug_funcnames)

.debug_typenames
 *(.debug_typenames)

.debug_varnames
 *(.debug_varnames)

.debug_pubtypes
 *(.debug_pubtypes)

.debug_ranges   0x00000000      0x368
 *(.debug_ranges)
 .debug_ranges  0x00000000       0x28 src/address.o
 .debug_ranges  0x00000028       0x50 src/ASF/xmega/drivers/ac/ac.o
 .debug_ranges  0x00000078       0x50 src/time.o
 .debug_ranges  0x000000c8       0x30 src/zebrobus.o
 .debug_ranges  0x000000f8       0x38 src/ASF/xmega/drivers/adc/adc.o
 .debug_ranges  0x00000130       0x48 src/ASF/xmega/drivers/adc/xmega_aau/adc_aau.o
 .debug_ranges  0x00000178       0x10 src/clock.o
 .debug_ranges  0x00000188       0x38 src/errors.o
 .debug_ranges  0x000001c0       0x28 src/hbridge.o
 .debug_ranges  0x000001e8       0x18 src/interrupts.o
 .debug_ranges  0x00000200       0x50 src/leds.o
 .debug_ranges  0x00000250       0x38 src/uart1.o
 .debug_ranges  0x00000288       0x38 src/vregs.o
 .debug_ranges  0x000002c0       0x30 src/ASF/common/services/clock/xmega/sysclk.o
 .debug_ranges  0x000002f0       0x58 src/ASF/xmega/drivers/dma/dma.o
 .debug_ranges  0x00000348       0x10 src/ASF/common/boards/user_board/init.o
 .debug_ranges  0x00000358       0x10 src/main.o

.debug_macro    0x00000000     0xbf44
 *(.debug_macro)
 .debug_macro   0x00000000       0x6f src/address.o
 .debug_macro   0x0000006f      0xa60 src/address.o
 .debug_macro   0x00000acf      0x1c9 src/address.o
 .debug_macro   0x00000c98       0x46 src/address.o
 .debug_macro   0x00000cde       0x6a src/address.o
 .debug_macro   0x00000d48       0x1c src/address.o
 .debug_macro   0x00000d64      0x10e src/address.o
 .debug_macro   0x00000e72       0x66 src/address.o
 .debug_macro   0x00000ed8      0x2da src/address.o
 .debug_macro   0x000011b2       0x34 src/address.o
 .debug_macro   0x000011e6      0x22b src/ASF/xmega/drivers/ac/ac.o
 .debug_macro   0x00001411      0x652 src/ASF/xmega/drivers/ac/ac.o
 .debug_macro   0x00001a63       0x10 src/ASF/xmega/drivers/ac/ac.o
 .debug_macro   0x00001a73      0x302 src/ASF/xmega/drivers/ac/ac.o
 .debug_macro   0x00001d75       0x9e src/ASF/xmega/drivers/ac/ac.o
 .debug_macro   0x00001e13     0x58d8 src/ASF/xmega/drivers/ac/ac.o
 .debug_macro   0x000076eb       0x9a src/ASF/xmega/drivers/ac/ac.o
 .debug_macro   0x00007785       0xf1 src/ASF/xmega/drivers/ac/ac.o
 .debug_macro   0x00007876       0x34 src/ASF/xmega/drivers/ac/ac.o
 .debug_macro   0x000078aa       0x10 src/ASF/xmega/drivers/ac/ac.o
 .debug_macro   0x000078ba       0x18 src/ASF/xmega/drivers/ac/ac.o
 .debug_macro   0x000078d2       0x5e src/ASF/xmega/drivers/ac/ac.o
 .debug_macro   0x00007930       0x10 src/ASF/xmega/drivers/ac/ac.o
 .debug_macro   0x00007940       0x22 src/ASF/xmega/drivers/ac/ac.o
 .debug_macro   0x00007962      0x166 src/ASF/xmega/drivers/ac/ac.o
 .debug_macro   0x00007ac8       0x35 src/ASF/xmega/drivers/ac/ac.o
 .debug_macro   0x00007afd       0x97 src/ASF/xmega/drivers/ac/ac.o
 .debug_macro   0x00007b94       0x17 src/ASF/xmega/drivers/ac/ac.o
 .debug_macro   0x00007bab      0x250 src/ASF/xmega/drivers/ac/ac.o
 .debug_macro   0x00007dfb       0x76 src/ASF/xmega/drivers/ac/ac.o
 .debug_macro   0x00007e71       0x16 src/ASF/xmega/drivers/ac/ac.o
 .debug_macro   0x00007e87      0x6e3 src/ASF/xmega/drivers/ac/ac.o
 .debug_macro   0x0000856a       0x10 src/ASF/xmega/drivers/ac/ac.o
 .debug_macro   0x0000857a      0x175 src/ASF/xmega/drivers/ac/ac.o
 .debug_macro   0x000086ef       0x40 src/ASF/xmega/drivers/ac/ac.o
 .debug_macro   0x0000872f       0xe4 src/ASF/xmega/drivers/ac/ac.o
 .debug_macro   0x00008813       0x69 src/ASF/xmega/drivers/ac/ac.o
 .debug_macro   0x0000887c       0x32 src/ASF/xmega/drivers/ac/ac.o
 .debug_macro   0x000088ae       0x22 src/ASF/xmega/drivers/ac/ac.o
 .debug_macro   0x000088d0      0x2bf src/ASF/xmega/drivers/ac/ac.o
 .debug_macro   0x00008b8f       0x68 src/ASF/xmega/drivers/ac/ac.o
 .debug_macro   0x00008bf7       0x2f src/ASF/xmega/drivers/ac/ac.o
 .debug_macro   0x00008c26      0x154 src/ASF/xmega/drivers/ac/ac.o
 .debug_macro   0x00008d7a       0x10 src/ASF/xmega/drivers/ac/ac.o
 .debug_macro   0x00008d8a       0x42 src/ASF/xmega/drivers/ac/ac.o
 .debug_macro   0x00008dcc      0x350 src/time.o
 .debug_macro   0x0000911c      0x2fc src/time.o
 .debug_macro   0x00009418       0x10 src/time.o
 .debug_macro   0x00009428       0x26 src/time.o
 .debug_macro   0x0000944e       0xe3 src/time.o
 .debug_macro   0x00009531       0x34 src/time.o
 .debug_macro   0x00009565       0x16 src/time.o
 .debug_macro   0x0000957b       0x10 src/time.o
 .debug_macro   0x0000958b       0x28 src/time.o
 .debug_macro   0x000095b3       0x23 src/time.o
 .debug_macro   0x000095d6       0x7c src/time.o
 .debug_macro   0x00009652      0x109 src/time.o
 .debug_macro   0x0000975b       0x40 src/time.o
 .debug_macro   0x0000979b       0x3a src/time.o
 .debug_macro   0x000097d5       0x28 src/time.o
 .debug_macro   0x000097fd       0x52 src/time.o
 .debug_macro   0x0000984f      0x367 src/zebrobus.o
 .debug_macro   0x00009bb6      0x23a src/ASF/xmega/drivers/adc/adc.o
 .debug_macro   0x00009df0       0x20 src/ASF/xmega/drivers/adc/adc.o
 .debug_macro   0x00009e10      0x23a src/ASF/xmega/drivers/adc/xmega_aau/adc_aau.o
 .debug_macro   0x0000a04a       0x95 src/clock.o
 .debug_macro   0x0000a0df      0x342 src/errors.o
 .debug_macro   0x0000a421      0x326 src/hbridge.o
 .debug_macro   0x0000a747      0x32b src/interrupts.o
 .debug_macro   0x0000aa72      0x326 src/leds.o
 .debug_macro   0x0000ad98      0x338 src/uart1.o
 .debug_macro   0x0000b0d0       0x3a src/uart1.o
 .debug_macro   0x0000b10a      0x33d src/vregs.o
 .debug_macro   0x0000b447      0x1e6 src/ASF/common/services/clock/xmega/sysclk.o
 .debug_macro   0x0000b62d      0x277 src/ASF/xmega/drivers/dma/dma.o
 .debug_macro   0x0000b8a4      0x31d src/ASF/common/boards/user_board/init.o
 .debug_macro   0x0000bbc1      0x383 src/main.o
OUTPUT(Pootmodule.elf elf32-avr)
LOAD linker stubs
