Archive member included to satisfy reference by file (symbol)

c:/program files (x86)/atmel/studio/7.0/toolchain/avr8/avr8-gnu-toolchain/bin/../lib/gcc/avr/4.9.2/avrxmega2\libgcc.a(_udivmodsi4.o)
                              src/ASF/xmega/drivers/usart/usart.o (__udivmodsi4)
c:/program files (x86)/atmel/studio/7.0/toolchain/avr8/avr8-gnu-toolchain/bin/../lib/gcc/avr/4.9.2/avrxmega2\libgcc.a(_exit.o)
                              C:/Program Files (x86)/Atmel/Studio/7.0/Packs/atmel/XMEGAA_DFP/1.1.63/gcc/dev/atxmega32a4u/avrxmega2/crtatxmega32a4u.o (exit)
c:/program files (x86)/atmel/studio/7.0/toolchain/avr8/avr8-gnu-toolchain/bin/../lib/gcc/avr/4.9.2/avrxmega2\libgcc.a(_copy_data.o)
                              src/ASF/common/services/sleepmgr/xmega/sleepmgr.o (__do_copy_data)
c:/program files (x86)/atmel/studio/7.0/toolchain/avr8/avr8-gnu-toolchain/bin/../lib/gcc/avr/4.9.2/avrxmega2\libgcc.a(_clear_bss.o)
                              src/interrupts.o (__do_clear_bss)
c:/program files (x86)/atmel/studio/7.0/toolchain/avr8/avr8-gnu-toolchain/bin/../lib/gcc/avr/4.9.2/../../../../avr/lib/avrxmega2\libc.a(memcpy.o)
                              src/ASF/xmega/drivers/nvm/nvm.o (memcpy)

Allocating common symbols
Common symbol       size              file

data_receive        0x104             src/UART_portD.o
vregs_buffer        0x20a             src/uart1.o
receive_timeout     0x1               src/UART_portD.o
transmit_ongoing    0x1               src/UART_portD.o
dma_data            0x8               src/ASF/xmega/drivers/dma/dma.o
receive_ongoing     0x1               src/UART_portD.o
data_transmit       0x104             src/UART_portD.o
sleepmgr_locks      0x6               src/ASF/common/services/sleepmgr/xmega/sleepmgr.o
vregs               0x105             src/uart1.o

Discarded input sections

 .data          0x00000000        0x0 C:/Program Files (x86)/Atmel/Studio/7.0/Packs/atmel/XMEGAA_DFP/1.1.63/gcc/dev/atxmega32a4u/avrxmega2/crtatxmega32a4u.o
 .bss           0x00000000        0x0 C:/Program Files (x86)/Atmel/Studio/7.0/Packs/atmel/XMEGAA_DFP/1.1.63/gcc/dev/atxmega32a4u/avrxmega2/crtatxmega32a4u.o
 .group         0x00000000        0x8 src/ASF/xmega/drivers/usart/usart.o
 .group         0x00000000        0x8 src/ASF/xmega/drivers/usart/usart.o
 .group         0x00000000        0x8 src/ASF/xmega/drivers/usart/usart.o
 .group         0x00000000        0x8 src/ASF/xmega/drivers/usart/usart.o
 .group         0x00000000        0x8 src/ASF/xmega/drivers/usart/usart.o
 .group         0x00000000        0x8 src/ASF/xmega/drivers/usart/usart.o
 .group         0x00000000        0x8 src/ASF/xmega/drivers/usart/usart.o
 .group         0x00000000        0x8 src/ASF/xmega/drivers/usart/usart.o
 .group         0x00000000        0x8 src/ASF/xmega/drivers/usart/usart.o
 .group         0x00000000        0x8 src/ASF/xmega/drivers/usart/usart.o
 .group         0x00000000        0x8 src/ASF/xmega/drivers/usart/usart.o
 .group         0x00000000        0x8 src/ASF/xmega/drivers/usart/usart.o
 .group         0x00000000        0x8 src/ASF/xmega/drivers/usart/usart.o
 .group         0x00000000        0x8 src/ASF/xmega/drivers/usart/usart.o
 .group         0x00000000        0x8 src/ASF/xmega/drivers/usart/usart.o
 .group         0x00000000        0x8 src/ASF/xmega/drivers/usart/usart.o
 .group         0x00000000        0x8 src/ASF/xmega/drivers/usart/usart.o
 .group         0x00000000        0x8 src/ASF/xmega/drivers/usart/usart.o
 .group         0x00000000        0x8 src/ASF/xmega/drivers/usart/usart.o
 .group         0x00000000        0x8 src/ASF/xmega/drivers/usart/usart.o
 .group         0x00000000        0x8 src/ASF/xmega/drivers/usart/usart.o
 .group         0x00000000        0x8 src/ASF/xmega/drivers/usart/usart.o
 .group         0x00000000        0x8 src/ASF/xmega/drivers/usart/usart.o
 .group         0x00000000        0x8 src/ASF/xmega/drivers/usart/usart.o
 .group         0x00000000        0x8 src/ASF/xmega/drivers/usart/usart.o
 .group         0x00000000        0x8 src/ASF/xmega/drivers/usart/usart.o
 .group         0x00000000        0x8 src/ASF/xmega/drivers/usart/usart.o
 .group         0x00000000        0x8 src/ASF/xmega/drivers/usart/usart.o
 .group         0x00000000        0x8 src/ASF/xmega/drivers/usart/usart.o
 .group         0x00000000        0x8 src/ASF/xmega/drivers/usart/usart.o
 .group         0x00000000        0x8 src/ASF/xmega/drivers/usart/usart.o
 .group         0x00000000        0x8 src/ASF/xmega/drivers/usart/usart.o
 .group         0x00000000        0x8 src/ASF/xmega/drivers/usart/usart.o
 .group         0x00000000        0x8 src/ASF/xmega/drivers/usart/usart.o
 .group         0x00000000        0x8 src/ASF/xmega/drivers/usart/usart.o
 .group         0x00000000        0x8 src/ASF/xmega/drivers/usart/usart.o
 .group         0x00000000        0x8 src/ASF/xmega/drivers/usart/usart.o
 .group         0x00000000        0x8 src/ASF/xmega/drivers/usart/usart.o
[...]
Memory Configuration

Name             Origin             Length             Attributes
text             0x00000000         0x00100000         xr
data             0x00802000         0x0000ffa0         rw !x
eeprom           0x00810000         0x00010000         rw !x
fuse             0x00820000         0x00000006         rw !x
lock             0x00830000         0x00000400         rw !x
signature        0x00840000         0x00000400         rw !x
user_signatures  0x00850000         0x00000400         rw !x
*default*        0x00000000         0xffffffff

Linker script and memory map

LOAD C:/Program Files (x86)/Atmel/Studio/7.0/Packs/atmel/XMEGAA_DFP/1.1.63/gcc/dev/atxmega32a4u/avrxmega2/crtatxmega32a4u.o
LOAD src/ASF/xmega/drivers/usart/usart.o
LOAD src/interrupts.o
LOAD src/leds.o
LOAD src/uart1.o
LOAD src/UART_portD.o
LOAD src/vregs.o
LOAD src/ASF/common/services/sleepmgr/xmega/sleepmgr.o
LOAD src/ASF/common/services/ioport/xmega/ioport_compat.o
LOAD src/ASF/common/services/clock/xmega/sysclk.o
LOAD src/ASF/common/services/hugemem/avr8/avr8_hugemem.o
LOAD src/ASF/xmega/drivers/dma/dma.o
LOAD src/ASF/xmega/drivers/nvm/nvm.o
LOAD src/ASF/xmega/drivers/nvm/nvm_asm.o
LOAD src/ASF/xmega/drivers/cpu/ccp.o
LOAD src/ASF/common/boards/user_board/init.o
LOAD src/main.o
START GROUP
LOAD c:/program files (x86)/atmel/studio/7.0/toolchain/avr8/avr8-gnu-toolchain/bin/../lib/gcc/avr/4.9.2/../../../../avr/lib/avrxmega2\libm.a
END GROUP
START GROUP
LOAD c:/program files (x86)/atmel/studio/7.0/toolchain/avr8/avr8-gnu-toolchain/bin/../lib/gcc/avr/4.9.2/avrxmega2\libgcc.a
LOAD c:/program files (x86)/atmel/studio/7.0/toolchain/avr8/avr8-gnu-toolchain/bin/../lib/gcc/avr/4.9.2/../../../../avr/lib/avrxmega2\libm.a
LOAD c:/program files (x86)/atmel/studio/7.0/toolchain/avr8/avr8-gnu-toolchain/bin/../lib/gcc/avr/4.9.2/../../../../avr/lib/avrxmega2\libc.a
LOAD C:/Program Files (x86)/Atmel/Studio/7.0/Packs/atmel/XMEGAA_DFP/1.1.63/gcc/dev/atxmega32a4u/avrxmega2\libatxmega32a4u.a
END GROUP
                0x00100000                __TEXT_REGION_LENGTH__ = DEFINED (__TEXT_REGION_LENGTH__)?__TEXT_REGION_LENGTH__:0x100000
                0x0000ffa0                __DATA_REGION_LENGTH__ = DEFINED (__DATA_REGION_LENGTH__)?__DATA_REGION_LENGTH__:0xffa0
                0x00010000                __EEPROM_REGION_LENGTH__ = DEFINED (__EEPROM_REGION_LENGTH__)?__EEPROM_REGION_LENGTH__:0x10000
                [0x00000006]                __FUSE_REGION_LENGTH__ = DEFINED (__FUSE_REGION_LENGTH__)?__FUSE_REGION_LENGTH__:0x400
                0x00000400                __LOCK_REGION_LENGTH__ = DEFINED (__LOCK_REGION_LENGTH__)?__LOCK_REGION_LENGTH__:0x400
                0x00000400                __SIGNATURE_REGION_LENGTH__ = DEFINED (__SIGNATURE_REGION_LENGTH__)?__SIGNATURE_REGION_LENGTH__:0x400
                0x00000400                __USER_SIGNATURE_REGION_LENGTH__ = DEFINED (__USER_SIGNATURE_REGION_LENGTH__)?__USER_SIGNATURE_REGION_LENGTH__:0x400

.hash
 *(.hash)

.dynsym
 *(.dynsym)

.dynstr
 *(.dynstr)

.gnu.version
 *(.gnu.version)

.gnu.version_d
 *(.gnu.version_d)

.gnu.version_r
 *(.gnu.version_r)

.rel.init
 *(.rel.init)

.rela.init
 *(.rela.init)

.rel.text
 *(.rel.text)
 *(.rel.text.*)
 *(.rel.gnu.linkonce.t*)

.rela.text
 *(.rela.text)
 *(.rela.text.*)
 *(.rela.gnu.linkonce.t*)

.rel.fini
 *(.rel.fini)

.rela.fini
 *(.rela.fini)

.rel.rodata
 *(.rel.rodata)
 *(.rel.rodata.*)
 *(.rel.gnu.linkonce.r*)

.rela.rodata
 *(.rela.rodata)
 *(.rela.rodata.*)
 *(.rela.gnu.linkonce.r*)

.rel.data
 *(.rel.data)
 *(.rel.data.*)
 *(.rel.gnu.linkonce.d*)

.rela.data
 *(.rela.data)
 *(.rela.data.*)
 *(.rela.gnu.linkonce.d*)

.rel.ctors
 *(.rel.ctors)

.rela.ctors
 *(.rela.ctors)

.rel.dtors
 *(.rel.dtors)

.rela.dtors
 *(.rela.dtors)

.rel.got
 *(.rel.got)

.rela.got
 *(.rela.got)

.rel.bss
 *(.rel.bss)

.rela.bss
 *(.rela.bss)

.rel.plt
 *(.rel.plt)

.rela.plt
 *(.rela.plt)

.text           0x00000000      0x828
 *(.vectors)
 .vectors       0x00000000      0x1fc C:/Program Files (x86)/Atmel/Studio/7.0/Packs/atmel/XMEGAA_DFP/1.1.63/gcc/dev/atxmega32a4u/avrxmega2/crtatxmega32a4u.o
                0x00000000                __vector_default
                0x00000000                __vectors
 *(.vectors)
 *(.progmem.gcc*)
                0x000001fc                . = ALIGN (0x2)
                0x000001fc                __trampolines_start = .
 *(.trampolines)
 .trampolines   0x000001fc        0x0 linker stubs
 *(.trampolines*)
                0x000001fc                __trampolines_end = .
 *libprintf_flt.a:*(.progmem.data)
 *libc.a:*(.progmem.data)
 *(.progmem*)
                0x000001fc                . = ALIGN (0x2)
 *(.jumptables)
 *(.jumptables*)
 *(.lowtext)
 *(.lowtext*)
                0x000001fc                __ctors_start = .
 *(.ctors)
                0x000001fc                __ctors_end = .
                0x000001fc                __dtors_start = .
 *(.dtors)
                0x000001fc                __dtors_end = .
 SORT(*)(.ctors)
 SORT(*)(.dtors)
 *(.init0)
 .init0         0x000001fc        0x0 C:/Program Files (x86)/Atmel/Studio/7.0/Packs/atmel/XMEGAA_DFP/1.1.63/gcc/dev/atxmega32a4u/avrxmega2/crtatxmega32a4u.o
                0x000001fc                __init
 *(.init0)
 *(.init1)
 *(.init1)
 *(.init2)
 .init2         0x000001fc        0xc C:/Program Files (x86)/Atmel/Studio/7.0/Packs/atmel/XMEGAA_DFP/1.1.63/gcc/dev/atxmega32a4u/avrxmega2/crtatxmega32a4u.o
 *(.init2)
 *(.init3)
 *(.init3)
 *(.init4)
 .init4         0x00000208       0x16 c:/program files (x86)/atmel/studio/7.0/toolchain/avr8/avr8-gnu-toolchain/bin/../lib/gcc/avr/4.9.2/avrxmega2\libgcc.a(_copy_data.o)
                0x00000208                __do_copy_data
 .init4         0x0000021e       0x10 c:/program files (x86)/atmel/studio/7.0/toolchain/avr8/avr8-gnu-toolchain/bin/../lib/gcc/avr/4.9.2/avrxmega2\libgcc.a(_clear_bss.o)
                0x0000021e                __do_clear_bss
 *(.init4)
 *(.init5)
 *(.init5)
 *(.init6)
 *(.init6)
 *(.init7)
 *(.init7)
 *(.init8)
 *(.init8)
 *(.init9)
 .init9         0x0000022e        0x4 C:/Program Files (x86)/Atmel/Studio/7.0/Packs/atmel/XMEGAA_DFP/1.1.63/gcc/dev/atxmega32a4u/avrxmega2/crtatxmega32a4u.o
 *(.init9)
 *(.text)
 .text          0x00000232        0x2 C:/Program Files (x86)/Atmel/Studio/7.0/Packs/atmel/XMEGAA_DFP/1.1.63/gcc/dev/atxmega32a4u/avrxmega2/crtatxmega32a4u.o
                0x00000232                __vector_38
                0x00000232                __vector_104
                0x00000232                __vector_22
                0x00000232                __vector_63
                0x00000232                __vector_28
                0x00000232                __vector_67
                0x00000232                __vector_1
                0x00000232                __vector_119
                0x00000232                __vector_32
                0x00000232                __vector_75
                0x00000232                __vector_71
                0x00000232                __vector_91
                0x00000232                __vector_34
                0x00000232                __vector_62
                0x00000232                __vector_77
                0x00000232                __vector_102
                0x00000232                __vector_24
                0x00000232                __vector_12
                0x00000232                __vector_55
                0x00000232                __vector_69
                0x00000232                __vector_81
                0x00000232                __vector_46
                0x00000232                __bad_interrupt
                0x00000232                __vector_122
                0x00000232                __vector_72
                0x00000232                __vector_114
                0x00000232                __vector_110
                0x00000232                __vector_31
                0x00000232                __vector_92
                0x00000232                __vector_35
                0x00000232                __vector_78
                0x00000232                __vector_74
                0x00000232                __vector_117
                0x00000232                __vector_39
                0x00000232                __vector_107
                0x00000232                __vector_3
                0x00000232                __vector_105
                0x00000232                __vector_98
                0x00000232                __vector_23
                0x00000232                __vector_68
                0x00000232                __vector_30
                0x00000232                __vector_73
                0x00000232                __vector_45
                0x00000232                __vector_25
                0x00000232                __vector_93
                0x00000232                __vector_61
                0x00000232                __vector_11
                0x00000232                __vector_54
                0x00000232                __vector_99
                0x00000232                __vector_13
                0x00000232                __vector_17
                0x00000232                __vector_19
                0x00000232                __vector_56
                0x00000232                __vector_125
                0x00000232                __vector_49
                0x00000232                __vector_123
                0x00000232                __vector_41
                0x00000232                __vector_86
                0x00000232                __vector_100
                0x00000232                __vector_101
                0x00000232                __vector_109
                0x00000232                __vector_43
                0x00000232                __vector_27
                0x00000232                __vector_5
                0x00000232                __vector_113
                0x00000232                __vector_33
                0x00000232                __vector_76
                0x00000232                __vector_115
                0x00000232                __vector_47
                0x00000232                __vector_52
                0x00000232                __vector_37
                0x00000232                __vector_95
                0x00000232                __vector_103
                0x00000232                __vector_96
                0x00000232                __vector_108
                0x00000232                __vector_4
                0x00000232                __vector_44
                0x00000232                __vector_82
                0x00000232                __vector_106
                0x00000232                __vector_118
                0x00000232                __vector_51
                0x00000232                __vector_2
                0x00000232                __vector_21
                0x00000232                __vector_15
                0x00000232                __vector_66
                0x00000232                __vector_36
                0x00000232                __vector_79
                0x00000232                __vector_58
                0x00000232                __vector_70
                0x00000232                __vector_29
                0x00000232                __vector_60
                0x00000232                __vector_121
                0x00000232                __vector_40
                0x00000232                __vector_85
                0x00000232                __vector_94
                0x00000232                __vector_126
                0x00000232                __vector_26
                0x00000232                __vector_48
                0x00000232                __vector_124
                0x00000232                __vector_116
                0x00000232                __vector_112
                0x00000232                __vector_111
                0x00000232                __vector_80
                0x00000232                __vector_14
                0x00000232                __vector_84
                0x00000232                __vector_57
                0x00000232                __vector_53
                0x00000232                __vector_10
                0x00000232                __vector_50
                0x00000232                __vector_16
                0x00000232                __vector_59
                0x00000232                __vector_18
                0x00000232                __vector_97
                0x00000232                __vector_20
                0x00000232                __vector_42
                0x00000232                __vector_87
                0x00000232                __vector_65
                0x00000232                __vector_120
                0x00000234                . = ALIGN (0x2)
 *(.text.*)
 .text.interrupts_disable
                0x00000234        0xe src/interrupts.o
                0x00000234                interrupts_disable
 .text.interrupts_enable
                0x00000242       0x1c src/interrupts.o
                0x00000242                interrupts_enable
 .text.leds_init
                0x0000025e       0x28 src/leds.o
                0x0000025e                leds_init
 .text.leds_set_LD1
                0x00000286        0xc src/leds.o
                0x00000286                leds_set_LD1
 .text.uart_init
                0x00000292       0xae src/UART_portD.o
                0x00000292                uart_init
 .text.UART_Transmit
                0x00000340       0x60 src/UART_portD.o
                0x00000340                UART_Transmit
 .text.__vector_89
                0x000003a0       0x88 src/UART_portD.o
                0x000003a0                __vector_89
 .text.__vector_90
                0x00000428       0x34 src/UART_portD.o
                0x00000428                __vector_90
 .text.__vector_88
                0x0000045c       0x84 src/UART_portD.o
                0x0000045c                __vector_88
 .text.__vector_64
                0x000004e0       0x42 src/UART_portD.o
                0x000004e0                __vector_64
 .text.__vector_83
                0x00000522       0x48 src/UART_portD.o
                0x00000522                __vector_83
 .text.vregs_writeout
                0x0000056a       0x50 src/vregs.o
                0x0000056a                vregs_writeout
 .text.vregs_init
                0x000005ba       0x46 src/vregs.o
                0x000005ba                vregs_init
 .text.sysclk_init
                0x00000600       0x20 src/ASF/common/services/clock/xmega/sysclk.o
                0x00000600                sysclk_init
 .text.dma_interrupt
                0x00000620       0xc0 src/ASF/xmega/drivers/dma/dma.o
 .text.__vector_6
                0x000006e0       0x48 src/ASF/xmega/drivers/dma/dma.o
                0x000006e0                __vector_6
 .text.__vector_7
                0x00000728       0x48 src/ASF/xmega/drivers/dma/dma.o
                0x00000728                __vector_7
 .text.__vector_8
                0x00000770       0x48 src/ASF/xmega/drivers/dma/dma.o
                0x00000770                __vector_8
 .text.__vector_9
                0x000007b8       0x48 src/ASF/xmega/drivers/dma/dma.o
                0x000007b8                __vector_9
 .text.board_init
                0x00000800        0x2 src/ASF/common/boards/user_board/init.o
                0x00000800                board_init
 .text.main     0x00000802       0x22 src/main.o
                0x00000802                main
                0x00000824                . = ALIGN (0x2)
 *(.fini9)
 .fini9         0x00000824        0x0 c:/program files (x86)/atmel/studio/7.0/toolchain/avr8/avr8-gnu-toolchain/bin/../lib/gcc/avr/4.9.2/avrxmega2\libgcc.a(_exit.o)
                0x00000824                _exit
                0x00000824                exit
 *(.fini9)
 *(.fini8)
 *(.fini8)
 *(.fini7)
 *(.fini7)
 *(.fini6)
 *(.fini6)
 *(.fini5)
 *(.fini5)
 *(.fini4)
 *(.fini4)
 *(.fini3)
 *(.fini3)
 *(.fini2)
 *(.fini2)
 *(.fini1)
 *(.fini1)
 *(.fini0)
 .fini0         0x00000824        0x4 c:/program files (x86)/atmel/studio/7.0/toolchain/avr8/avr8-gnu-toolchain/bin/../lib/gcc/avr/4.9.2/avrxmega2\libgcc.a(_exit.o)
 *(.fini0)
                0x00000828                _etext = .

.data           0x00802000        0x0 load address 0x00000828
                0x00802000                PROVIDE (__data_start, .)
 *(.data)
 *(.data*)
 *(.rodata)
 *(.rodata*)
 *(.gnu.linkonce.d*)
                0x00802000                . = ALIGN (0x2)
                0x00802000                _edata = .
                0x00802000                PROVIDE (__data_end, .)

.bss            0x00802000      0x524
                0x00802000                PROVIDE (__bss_start, .)
 *(.bss)
 *(.bss*)
 .bss.interrupt_counter
                0x00802000        0x1 src/interrupts.o
                0x00802000                interrupt_counter
 .bss.buffer_selector
                0x00802001        0x1 src/vregs.o
 *(COMMON)
 COMMON         0x00802002      0x30f src/uart1.o
                0x00802002                vregs_buffer
                0x0080220c                vregs
 COMMON         0x00802311      0x20b src/UART_portD.o
                0x00802311                data_receive
                0x00802415                receive_timeout
                0x00802416                transmit_ongoing
                0x00802417                receive_ongoing
                0x00802418                data_transmit
 COMMON         0x0080251c        0x8 src/ASF/xmega/drivers/dma/dma.o
                0x0080251c                dma_data
                0x00802524                PROVIDE (__bss_end, .)
                0x00000828                __data_load_start = LOADADDR (.data)
                0x00000828                __data_load_end = (__data_load_start + SIZEOF (.data))

.noinit         0x00802524        0x0
                [!provide]                PROVIDE (__noinit_start, .)
 *(.noinit*)
                [!provide]                PROVIDE (__noinit_end, .)
                0x00802524                _end = .
                [!provide]                PROVIDE (__heap_start, .)

.eeprom         0x00810000        0x0
 *(.eeprom*)
                0x00810000                __eeprom_end = .

.fuse
 *(.fuse)
 *(.lfuse)
 *(.hfuse)
 *(.efuse)

.lock
 *(.lock*)

.signature
 *(.signature*)

.user_signatures
 *(.user_signatures*)

.stab
 *(.stab)

.stabstr
 *(.stabstr)

.stab.excl
 *(.stab.excl)

.stab.exclstr
 *(.stab.exclstr)

.stab.index
 *(.stab.index)

.stab.indexstr
 *(.stab.indexstr)

.comment        0x00000000       0x30
 *(.comment)
 .comment       0x00000000       0x30 src/interrupts.o
                                 0x31 (size before relaxing)
 .comment       0x00000030       0x31 src/leds.o
 .comment       0x00000030       0x31 src/uart1.o
 .comment       0x00000030       0x31 src/UART_portD.o
 .comment       0x00000030       0x31 src/vregs.o
 .comment       0x00000030       0x31 src/ASF/common/services/clock/xmega/sysclk.o
 .comment       0x00000030       0x31 src/ASF/xmega/drivers/dma/dma.o
 .comment       0x00000030       0x31 src/ASF/common/boards/user_board/init.o
 .comment       0x00000030       0x31 src/main.o

.note.gnu.avr.deviceinfo
                0x00000000       0x40
 .note.gnu.avr.deviceinfo
                0x00000000       0x40 C:/Program Files (x86)/Atmel/Studio/7.0/Packs/atmel/XMEGAA_DFP/1.1.63/gcc/dev/atxmega32a4u/avrxmega2/crtatxmega32a4u.o

.note.gnu.build-id
 *(.note.gnu.build-id)

.debug
 *(.debug)

.line
 *(.line)

.debug_srcinfo
 *(.debug_srcinfo)

.debug_sfnames
 *(.debug_sfnames)

.debug_aranges  0x00000000      0x290
 *(.debug_aranges)
 .debug_aranges
                0x00000000       0x28 src/interrupts.o
 .debug_aranges
                0x00000028       0x60 src/leds.o
 .debug_aranges
                0x00000088       0x48 src/uart1.o
 .debug_aranges
                0x000000d0       0x90 src/UART_portD.o
 .debug_aranges
                0x00000160       0x48 src/vregs.o
 .debug_aranges
                0x000001a8       0x40 src/ASF/common/services/clock/xmega/sysclk.o
 .debug_aranges
                0x000001e8       0x68 src/ASF/xmega/drivers/dma/dma.o
 .debug_aranges
                0x00000250       0x20 src/ASF/common/boards/user_board/init.o
 .debug_aranges
                0x00000270       0x20 src/main.o

.debug_pubnames
 *(.debug_pubnames)

.debug_info     0x00000000     0x616d
 *(.debug_info .gnu.linkonce.wi.*)
 .debug_info    0x00000000     0x284f C:/Program Files (x86)/Atmel/Studio/7.0/Packs/atmel/XMEGAA_DFP/1.1.63/gcc/dev/atxmega32a4u/avrxmega2/crtatxmega32a4u.o
 .debug_info    0x0000284f      0x193 src/interrupts.o
 .debug_info    0x000029e2      0x4f6 src/leds.o
 .debug_info    0x00002ed8      0x603 src/uart1.o
 .debug_info    0x000034db     0x1367 src/UART_portD.o
 .debug_info    0x00004842      0x321 src/vregs.o
 .debug_info    0x00004b63      0x70f src/ASF/common/services/clock/xmega/sysclk.o
 .debug_info    0x00005272      0xa4e src/ASF/xmega/drivers/dma/dma.o
 .debug_info    0x00005cc0      0x158 src/ASF/common/boards/user_board/init.o
 .debug_info    0x00005e18      0x355 src/main.o

.debug_abbrev   0x00000000     0x35cf
 *(.debug_abbrev)
 .debug_abbrev  0x00000000     0x262c C:/Program Files (x86)/Atmel/Studio/7.0/Packs/atmel/XMEGAA_DFP/1.1.63/gcc/dev/atxmega32a4u/avrxmega2/crtatxmega32a4u.o
 .debug_abbrev  0x0000262c       0xbd src/interrupts.o
 .debug_abbrev  0x000026e9      0x16c src/leds.o
 .debug_abbrev  0x00002855      0x186 src/uart1.o
 .debug_abbrev  0x000029db      0x2fd src/UART_portD.o
 .debug_abbrev  0x00002cd8      0x17b src/vregs.o
 .debug_abbrev  0x00002e53      0x237 src/ASF/common/services/clock/xmega/sysclk.o
 .debug_abbrev  0x0000308a      0x315 src/ASF/xmega/drivers/dma/dma.o
 .debug_abbrev  0x0000339f       0xaa src/ASF/common/boards/user_board/init.o
 .debug_abbrev  0x00003449      0x186 src/main.o

.debug_line     0x00000000     0x53b9
 *(.debug_line .debug_line.* .debug_line_end)
 .debug_line    0x00000000      0x391 C:/Program Files (x86)/Atmel/Studio/7.0/Packs/atmel/XMEGAA_DFP/1.1.63/gcc/dev/atxmega32a4u/avrxmega2/crtatxmega32a4u.o
 .debug_line    0x00000391      0x8e4 src/interrupts.o
 .debug_line    0x00000c75      0x992 src/leds.o
 .debug_line    0x00001607      0xa1d src/uart1.o
 .debug_line    0x00002024      0x813 src/UART_portD.o
 .debug_line    0x00002837      0x9f0 src/vregs.o
 .debug_line    0x00003227      0x62d src/ASF/common/services/clock/xmega/sysclk.o
 .debug_line    0x00003854      0x954 src/ASF/xmega/drivers/dma/dma.o
 .debug_line    0x000041a8      0x87a src/ASF/common/boards/user_board/init.o
 .debug_line    0x00004a22      0x997 src/main.o

.debug_frame    0x00000000      0x6bc
 *(.debug_frame)
 .debug_frame   0x00000000       0x34 src/interrupts.o
 .debug_frame   0x00000034       0xa4 src/leds.o
 .debug_frame   0x000000d8       0x7c src/uart1.o
 .debug_frame   0x00000154      0x1f0 src/UART_portD.o
 .debug_frame   0x00000344       0x7c src/vregs.o
 .debug_frame   0x000003c0       0x94 src/ASF/common/services/clock/xmega/sysclk.o
 .debug_frame   0x00000454      0x220 src/ASF/xmega/drivers/dma/dma.o
 .debug_frame   0x00000674       0x24 src/ASF/common/boards/user_board/init.o
 .debug_frame   0x00000698       0x24 src/main.o

.debug_str      0x00000000    0x2bfb1
 *(.debug_str)
 .debug_str     0x00000000     0x1aa8 C:/Program Files (x86)/Atmel/Studio/7.0/Packs/atmel/XMEGAA_DFP/1.1.63/gcc/dev/atxmega32a4u/avrxmega2/crtatxmega32a4u.o
 .debug_str     0x00001aa8    0x279d2 src/interrupts.o
                              0x28072 (size before relaxing)
 .debug_str     0x0002947a      0x2d4 src/leds.o
                              0x28419 (size before relaxing)
 .debug_str     0x0002974e      0xfde src/uart1.o
                              0x29169 (size before relaxing)
 .debug_str     0x0002a72c     0x106e src/UART_portD.o
                              0x1b2e7 (size before relaxing)
 .debug_str     0x0002b79a       0xdf src/vregs.o
                              0x28c76 (size before relaxing)
 .debug_str     0x0002b879      0x307 src/ASF/common/services/clock/xmega/sysclk.o
                              0x271ff (size before relaxing)
 .debug_str     0x0002bb80      0x3e8 src/ASF/xmega/drivers/dma/dma.o
                              0x277ce (size before relaxing)
 .debug_str     0x0002bf68       0x36 src/ASF/common/boards/user_board/init.o
                              0x28047 (size before relaxing)
 .debug_str     0x0002bf9e       0x13 src/main.o
                              0x2920d (size before relaxing)

.debug_loc      0x00000000     0x13c0
 *(.debug_loc)
 .debug_loc     0x00000000       0xa2 src/leds.o
 .debug_loc     0x000000a2       0x4c src/uart1.o
 .debug_loc     0x000000ee      0x92b src/UART_portD.o
 .debug_loc     0x00000a19       0xe7 src/vregs.o
 .debug_loc     0x00000b00      0x2c4 src/ASF/common/services/clock/xmega/sysclk.o
 .debug_loc     0x00000dc4      0x5e6 src/ASF/xmega/drivers/dma/dma.o
 .debug_loc     0x000013aa       0x16 src/main.o

.debug_macinfo
 *(.debug_macinfo)

.debug_weaknames
 *(.debug_weaknames)

.debug_funcnames
 *(.debug_funcnames)

.debug_typenames
 *(.debug_typenames)

.debug_varnames
 *(.debug_varnames)

.debug_pubtypes
 *(.debug_pubtypes)

.debug_ranges   0x00000000      0x218
 *(.debug_ranges)
 .debug_ranges  0x00000000       0x18 src/interrupts.o
 .debug_ranges  0x00000018       0x50 src/leds.o
 .debug_ranges  0x00000068       0x38 src/uart1.o
 .debug_ranges  0x000000a0       0x98 src/UART_portD.o
 .debug_ranges  0x00000138       0x38 src/vregs.o
 .debug_ranges  0x00000170       0x30 src/ASF/common/services/clock/xmega/sysclk.o
 .debug_ranges  0x000001a0       0x58 src/ASF/xmega/drivers/dma/dma.o
 .debug_ranges  0x000001f8       0x10 src/ASF/common/boards/user_board/init.o
 .debug_ranges  0x00000208       0x10 src/main.o

.debug_macro    0x00000000     0x22cc
 *(.debug_macro)
 .debug_macro   0x00000000      0x30e src/interrupts.o
 .debug_macro   0x0000030e      0x2fc src/interrupts.o
 .debug_macro   0x0000060a       0x34 src/interrupts.o
 .debug_macro   0x0000063e       0x16 src/interrupts.o
 .debug_macro   0x00000654       0x10 src/interrupts.o
 .debug_macro   0x00000664       0x28 src/interrupts.o
 .debug_macro   0x0000068c       0x23 src/interrupts.o
 .debug_macro   0x000006af       0x40 src/interrupts.o
 .debug_macro   0x000006ef       0x26 src/interrupts.o
 .debug_macro   0x00000715       0x42 src/interrupts.o
 .debug_macro   0x00000757       0x10 src/interrupts.o
 .debug_macro   0x00000767       0x3a src/interrupts.o
 .debug_macro   0x000007a1      0x309 src/leds.o
 .debug_macro   0x00000aaa       0x28 src/leds.o
 .debug_macro   0x00000ad2      0x31b src/uart1.o
 .debug_macro   0x00000ded       0x3a src/uart1.o
 .debug_macro   0x00000e27      0x2da src/uart1.o
 .debug_macro   0x00001101      0x153 src/UART_portD.o
 .debug_macro   0x00001254       0x89 src/UART_portD.o
 .debug_macro   0x000012dd      0x181 src/UART_portD.o
 .debug_macro   0x0000145e       0x20 src/UART_portD.o
 .debug_macro   0x0000147e       0x10 src/UART_portD.o
 .debug_macro   0x0000148e       0x34 src/UART_portD.o
 .debug_macro   0x000014c2       0x16 src/UART_portD.o
 .debug_macro   0x000014d8      0x320 src/vregs.o
 .debug_macro   0x000017f8       0x28 src/vregs.o
 .debug_macro   0x00001820      0x1e6 src/ASF/common/services/clock/xmega/sysclk.o
 .debug_macro   0x00001a06      0x277 src/ASF/xmega/drivers/dma/dma.o
 .debug_macro   0x00001c7d      0x300 src/ASF/common/boards/user_board/init.o
 .debug_macro   0x00001f7d      0x34f src/main.o
OUTPUT(Pootmodule.elf elf32-avr)
LOAD linker stubs
