Archive member included to satisfy reference by file (symbol)

c:/program files (x86)/atmel/studio/7.0/toolchain/avr8/avr8-gnu-toolchain/bin/../lib/gcc/avr/4.9.2/avrxmega2\libgcc.a(_exit.o)
                              C:/Program Files (x86)/Atmel/Studio/7.0/Packs/atmel/XMEGAD_DFP/1.1.52/gcc/dev/atxmega32d4/avrxmega2/crtatxmega32d4.o (exit)

Discarded input sections

 .data          0x00000000        0x0 C:/Program Files (x86)/Atmel/Studio/7.0/Packs/atmel/XMEGAD_DFP/1.1.52/gcc/dev/atxmega32d4/avrxmega2/crtatxmega32d4.o
 .bss           0x00000000        0x0 C:/Program Files (x86)/Atmel/Studio/7.0/Packs/atmel/XMEGAD_DFP/1.1.52/gcc/dev/atxmega32d4/avrxmega2/crtatxmega32d4.o
 .group         0x00000000        0x8 src/ASF/common/services/clock/xmega/sysclk.o
 .group         0x00000000        0x8 src/ASF/common/services/clock/xmega/sysclk.o
 .group         0x00000000        0x8 src/ASF/common/services/clock/xmega/sysclk.o
 .group         0x00000000        0x8 src/ASF/common/services/clock/xmega/sysclk.o
 .group         0x00000000        0x8 src/ASF/common/services/clock/xmega/sysclk.o
 .group         0x00000000        0x8 src/ASF/common/services/clock/xmega/sysclk.o
 .group         0x00000000        0x8 src/ASF/common/services/clock/xmega/sysclk.o
 .group         0x00000000        0x8 src/ASF/common/services/clock/xmega/sysclk.o
 .group         0x00000000        0x8 src/ASF/common/services/clock/xmega/sysclk.o
 .group         0x00000000        0x8 src/ASF/common/services/clock/xmega/sysclk.o
 .group         0x00000000        0x8 src/ASF/common/services/clock/xmega/sysclk.o
 .group         0x00000000        0x8 src/ASF/common/services/clock/xmega/sysclk.o
 .group         0x00000000        0x8 src/ASF/common/services/clock/xmega/sysclk.o
 .group         0x00000000        0x8 src/ASF/common/services/clock/xmega/sysclk.o
 .group         0x00000000        0x8 src/ASF/common/services/clock/xmega/sysclk.o
 .group         0x00000000        0x8 src/ASF/common/services/clock/xmega/sysclk.o
 .group         0x00000000        0x8 src/ASF/common/services/clock/xmega/sysclk.o
 .group         0x00000000        0x8 src/ASF/common/services/clock/xmega/sysclk.o
 .group         0x00000000        0x8 src/ASF/common/services/clock/xmega/sysclk.o
 .group         0x00000000        0x8 src/ASF/common/services/clock/xmega/sysclk.o
 .group         0x00000000        0x8 src/ASF/common/services/clock/xmega/sysclk.o
 .group         0x00000000        0x8 src/ASF/common/services/clock/xmega/sysclk.o
 .group         0x00000000        0x8 src/ASF/common/services/clock/xmega/sysclk.o
 .group         0x00000000        0x8 src/ASF/common/services/clock/xmega/sysclk.o
 .group         0x00000000        0x8 src/ASF/common/services/clock/xmega/sysclk.o
 .group         0x00000000        0x8 src/ASF/common/services/clock/xmega/sysclk.o
 .group         0x00000000        0x8 src/ASF/common/services/clock/xmega/sysclk.o
 .group         0x00000000        0x8 src/ASF/common/services/clock/xmega/sysclk.o
 .group         0x00000000        0x8 src/ASF/common/services/clock/xmega/sysclk.o
 .group         0x00000000        0x8 src/ASF/common/services/clock/xmega/sysclk.o
 .group         0x00000000        0x8 src/ASF/common/services/clock/xmega/sysclk.o
 .group         0x00000000        0x8 src/ASF/common/services/clock/xmega/sysclk.o
 .group         0x00000000        0x8 src/ASF/common/services/clock/xmega/sysclk.o
 .group         0x00000000        0x8 src/ASF/common/services/clock/xmega/sysclk.o
 .group         0x00000000        0x8 src/ASF/common/services/clock/xmega/sysclk.o
 .group         0x00000000        0x8 src/ASF/common/services/clock/xmega/sysclk.o
 .text          0x00000000        0x0 src/ASF/common/services/clock/xmega/sysclk.o
 .data          0x00000000        0x0 src/ASF/common/services/clock/xmega/sysclk.o
 .bss           0x00000000        0x0 src/ASF/common/services/clock/xmega/sysclk.o
 .text.sysclk_enable_module
                0x00000000       0x2c src/ASF/common/services/clock/xmega/sysclk.o
 .text.sysclk_disable_module
                0x00000000       0x2a src/ASF/common/services/clock/xmega/sysclk.o
 .group         0x00000000        0x8 src/ASF/common/services/ioport/xmega/ioport_compat.o
 .group         0x00000000        0x8 src/ASF/common/services/ioport/xmega/ioport_compat.o
 .group         0x00000000        0x8 src/ASF/common/services/ioport/xmega/ioport_compat.o
 .group         0x00000000        0x8 src/ASF/common/services/ioport/xmega/ioport_compat.o
 .group         0x00000000        0x8 src/ASF/common/services/ioport/xmega/ioport_compat.o
 .group         0x00000000        0x8 src/ASF/common/services/ioport/xmega/ioport_compat.o
 .group         0x00000000        0x8 src/ASF/common/services/ioport/xmega/ioport_compat.o
 .group         0x00000000        0x8 src/ASF/common/services/ioport/xmega/ioport_compat.o
 .group         0x00000000        0x8 src/ASF/common/services/ioport/xmega/ioport_compat.o
 .group         0x00000000        0x8 src/ASF/common/services/ioport/xmega/ioport_compat.o
 .group         0x00000000        0x8 src/ASF/common/services/ioport/xmega/ioport_compat.o
 .group         0x00000000        0x8 src/ASF/common/services/ioport/xmega/ioport_compat.o
 .group         0x00000000        0x8 src/ASF/common/services/ioport/xmega/ioport_compat.o
 .group         0x00000000        0x8 src/ASF/common/services/ioport/xmega/ioport_compat.o
 .group         0x00000000        0x8 src/ASF/common/services/ioport/xmega/ioport_compat.o
 .group         0x00000000        0x8 src/ASF/common/services/ioport/xmega/ioport_compat.o
 .group         0x00000000        0x8 src/ASF/common/services/ioport/xmega/ioport_compat.o
 .group         0x00000000        0x8 src/ASF/common/services/ioport/xmega/ioport_compat.o
 .group         0x00000000        0x8 src/ASF/common/services/ioport/xmega/ioport_compat.o
 .group         0x00000000        0x8 src/ASF/common/services/ioport/xmega/ioport_compat.o
 .group         0x00000000        0x8 src/ASF/common/services/ioport/xmega/ioport_compat.o
 .group         0x00000000        0x8 src/ASF/common/services/ioport/xmega/ioport_compat.o
 .group         0x00000000        0x8 src/ASF/common/services/ioport/xmega/ioport_compat.o
 .group         0x00000000        0x8 src/ASF/common/services/ioport/xmega/ioport_compat.o
 .group         0x00000000        0x8 src/ASF/common/services/ioport/xmega/ioport_compat.o
 .group         0x00000000        0x8 src/ASF/common/services/ioport/xmega/ioport_compat.o
 .group         0x00000000        0x8 src/ASF/common/services/ioport/xmega/ioport_compat.o
 .group         0x00000000        0x8 src/ASF/common/services/ioport/xmega/ioport_compat.o
 .group         0x00000000        0x8 src/ASF/common/services/ioport/xmega/ioport_compat.o
 .group         0x00000000        0x8 src/ASF/common/services/ioport/xmega/ioport_compat.o
 .group         0x00000000        0x8 src/ASF/common/services/ioport/xmega/ioport_compat.o
 .group         0x00000000        0x8 src/ASF/common/services/ioport/xmega/ioport_compat.o
 .group         0x00000000        0x8 src/ASF/common/services/ioport/xmega/ioport_compat.o
 .text          0x00000000        0x0 src/ASF/common/services/ioport/xmega/ioport_compat.o
 .data          0x00000000        0x0 src/ASF/common/services/ioport/xmega/ioport_compat.o
 .bss           0x00000000        0x0 src/ASF/common/services/ioport/xmega/ioport_compat.o
 .text.ioport_configure_port_pin
                0x00000000       0x50 src/ASF/common/services/ioport/xmega/ioport_compat.o
 .debug_info    0x00000000      0x11d src/ASF/common/services/ioport/xmega/ioport_compat.o
 .debug_abbrev  0x00000000       0x93 src/ASF/common/services/ioport/xmega/ioport_compat.o
 .debug_loc     0x00000000       0x66 src/ASF/common/services/ioport/xmega/ioport_compat.o
 .debug_aranges
                0x00000000       0x20 src/ASF/common/services/ioport/xmega/ioport_compat.o
 .debug_ranges  0x00000000       0x10 src/ASF/common/services/ioport/xmega/ioport_compat.o
 .debug_macro   0x00000000      0x193 src/ASF/common/services/ioport/xmega/ioport_compat.o
 .debug_macro   0x00000000      0xa5a src/ASF/common/services/ioport/xmega/ioport_compat.o
 .debug_macro   0x00000000      0x652 src/ASF/common/services/ioport/xmega/ioport_compat.o
 .debug_macro   0x00000000       0x10 src/ASF/common/services/ioport/xmega/ioport_compat.o
 .debug_macro   0x00000000      0x1c9 src/ASF/common/services/ioport/xmega/ioport_compat.o
 .debug_macro   0x00000000      0x2fc src/ASF/common/services/ioport/xmega/ioport_compat.o
 .debug_macro   0x00000000       0x9e src/ASF/common/services/ioport/xmega/ioport_compat.o
 .debug_macro   0x00000000     0x3d3c src/ASF/common/services/ioport/xmega/ioport_compat.o
 .debug_macro   0x00000000       0x9a src/ASF/common/services/ioport/xmega/ioport_compat.o
 .debug_macro   0x00000000       0xf1 src/ASF/common/services/ioport/xmega/ioport_compat.o
 .debug_macro   0x00000000       0x34 src/ASF/common/services/ioport/xmega/ioport_compat.o
 .debug_macro   0x00000000       0x10 src/ASF/common/services/ioport/xmega/ioport_compat.o
 .debug_macro   0x00000000       0x18 src/ASF/common/services/ioport/xmega/ioport_compat.o
 .debug_macro   0x00000000       0x5e src/ASF/common/services/ioport/xmega/ioport_compat.o
 .debug_macro   0x00000000       0x10 src/ASF/common/services/ioport/xmega/ioport_compat.o
 .debug_macro   0x00000000       0x22 src/ASF/common/services/ioport/xmega/ioport_compat.o
 .debug_macro   0x00000000      0x166 src/ASF/common/services/ioport/xmega/ioport_compat.o
 .debug_macro   0x00000000       0x1c src/ASF/common/services/ioport/xmega/ioport_compat.o
 .debug_macro   0x00000000       0x35 src/ASF/common/services/ioport/xmega/ioport_compat.o
 .debug_macro   0x00000000       0x66 src/ASF/common/services/ioport/xmega/ioport_compat.o
 .debug_macro   0x00000000       0x97 src/ASF/common/services/ioport/xmega/ioport_compat.o
 .debug_macro   0x00000000       0x17 src/ASF/common/services/ioport/xmega/ioport_compat.o
 .debug_macro   0x00000000      0x250 src/ASF/common/services/ioport/xmega/ioport_compat.o
 .debug_macro   0x00000000       0x76 src/ASF/common/services/ioport/xmega/ioport_compat.o
 .debug_macro   0x00000000       0x16 src/ASF/common/services/ioport/xmega/ioport_compat.o
 .debug_macro   0x00000000      0x6e3 src/ASF/common/services/ioport/xmega/ioport_compat.o
 .debug_macro   0x00000000       0x10 src/ASF/common/services/ioport/xmega/ioport_compat.o
 .debug_macro   0x00000000      0x175 src/ASF/common/services/ioport/xmega/ioport_compat.o
 .debug_macro   0x00000000       0x40 src/ASF/common/services/ioport/xmega/ioport_compat.o
 .debug_macro   0x00000000       0x69 src/ASF/common/services/ioport/xmega/ioport_compat.o
 .debug_macro   0x00000000       0x32 src/ASF/common/services/ioport/xmega/ioport_compat.o
 .debug_macro   0x00000000       0xe4 src/ASF/common/services/ioport/xmega/ioport_compat.o
 .debug_macro   0x00000000       0x7c src/ASF/common/services/ioport/xmega/ioport_compat.o
 .debug_macro   0x00000000      0x109 src/ASF/common/services/ioport/xmega/ioport_compat.o
 .debug_line    0x00000000      0x4b1 src/ASF/common/services/ioport/xmega/ioport_compat.o
 .debug_str     0x00000000    0x1fe58 src/ASF/common/services/ioport/xmega/ioport_compat.o
 .comment       0x00000000       0x31 src/ASF/common/services/ioport/xmega/ioport_compat.o
 .debug_frame   0x00000000       0x30 src/ASF/common/services/ioport/xmega/ioport_compat.o
 .group         0x00000000        0x8 src/ASF/common/boards/user_board/init.o
 .group         0x00000000        0x8 src/ASF/common/boards/user_board/init.o
 .group         0x00000000        0x8 src/ASF/common/boards/user_board/init.o
 .group         0x00000000        0x8 src/ASF/common/boards/user_board/init.o
 .group         0x00000000        0x8 src/ASF/common/boards/user_board/init.o
 .group         0x00000000        0x8 src/ASF/common/boards/user_board/init.o
 .group         0x00000000        0x8 src/ASF/common/boards/user_board/init.o
 .group         0x00000000        0x8 src/ASF/common/boards/user_board/init.o
 .group         0x00000000        0x8 src/ASF/common/boards/user_board/init.o
 .group         0x00000000        0x8 src/ASF/common/boards/user_board/init.o
 .group         0x00000000        0x8 src/ASF/common/boards/user_board/init.o
 .group         0x00000000        0x8 src/ASF/common/boards/user_board/init.o
 .group         0x00000000        0x8 src/ASF/common/boards/user_board/init.o
 .group         0x00000000        0x8 src/ASF/common/boards/user_board/init.o
 .group         0x00000000        0x8 src/ASF/common/boards/user_board/init.o
 .group         0x00000000        0x8 src/ASF/common/boards/user_board/init.o
 .group         0x00000000        0x8 src/ASF/common/boards/user_board/init.o
 .group         0x00000000        0x8 src/ASF/common/boards/user_board/init.o
 .group         0x00000000        0x8 src/ASF/common/boards/user_board/init.o
 .group         0x00000000        0x8 src/ASF/common/boards/user_board/init.o
 .group         0x00000000        0x8 src/ASF/common/boards/user_board/init.o
 .group         0x00000000        0x8 src/ASF/common/boards/user_board/init.o
 .group         0x00000000        0x8 src/ASF/common/boards/user_board/init.o
 .group         0x00000000        0x8 src/ASF/common/boards/user_board/init.o
 .group         0x00000000        0x8 src/ASF/common/boards/user_board/init.o
 .group         0x00000000        0x8 src/ASF/common/boards/user_board/init.o
 .group         0x00000000        0x8 src/ASF/common/boards/user_board/init.o
 .group         0x00000000        0x8 src/ASF/common/boards/user_board/init.o
 .group         0x00000000        0x8 src/ASF/common/boards/user_board/init.o
 .group         0x00000000        0x8 src/ASF/common/boards/user_board/init.o
 .group         0x00000000        0x8 src/ASF/common/boards/user_board/init.o
 .group         0x00000000        0x8 src/ASF/common/boards/user_board/init.o
 .group         0x00000000        0x8 src/ASF/common/boards/user_board/init.o
 .group         0x00000000        0x8 src/ASF/common/boards/user_board/init.o
 .group         0x00000000        0x8 src/ASF/common/boards/user_board/init.o
 .group         0x00000000        0x8 src/ASF/common/boards/user_board/init.o
 .group         0x00000000        0x8 src/ASF/common/boards/user_board/init.o
 .group         0x00000000        0x8 src/ASF/common/boards/user_board/init.o
 .group         0x00000000        0x8 src/ASF/common/boards/user_board/init.o
 .group         0x00000000        0x8 src/ASF/common/boards/user_board/init.o
 .group         0x00000000        0x8 src/ASF/common/boards/user_board/init.o
 .group         0x00000000        0x8 src/ASF/common/boards/user_board/init.o
 .text          0x00000000        0x0 src/ASF/common/boards/user_board/init.o
 .data          0x00000000        0x0 src/ASF/common/boards/user_board/init.o
 .bss           0x00000000        0x0 src/ASF/common/boards/user_board/init.o
 .debug_macro   0x00000000      0xa5a src/ASF/common/boards/user_board/init.o
 .debug_macro   0x00000000       0x10 src/ASF/common/boards/user_board/init.o
 .debug_macro   0x00000000      0x1c9 src/ASF/common/boards/user_board/init.o
 .debug_macro   0x00000000      0x2fc src/ASF/common/boards/user_board/init.o
 .debug_macro   0x00000000       0x9e src/ASF/common/boards/user_board/init.o
 .debug_macro   0x00000000     0x3d3c src/ASF/common/boards/user_board/init.o
 .debug_macro   0x00000000       0x9a src/ASF/common/boards/user_board/init.o
 .debug_macro   0x00000000       0xf1 src/ASF/common/boards/user_board/init.o
 .debug_macro   0x00000000       0x34 src/ASF/common/boards/user_board/init.o
 .debug_macro   0x00000000       0x10 src/ASF/common/boards/user_board/init.o
 .debug_macro   0x00000000       0x18 src/ASF/common/boards/user_board/init.o
 .debug_macro   0x00000000       0x5e src/ASF/common/boards/user_board/init.o
 .debug_macro   0x00000000       0x10 src/ASF/common/boards/user_board/init.o
 .debug_macro   0x00000000       0x22 src/ASF/common/boards/user_board/init.o
 .debug_macro   0x00000000      0x166 src/ASF/common/boards/user_board/init.o
 .debug_macro   0x00000000       0x1c src/ASF/common/boards/user_board/init.o
 .debug_macro   0x00000000       0x35 src/ASF/common/boards/user_board/init.o
 .debug_macro   0x00000000       0x66 src/ASF/common/boards/user_board/init.o
 .debug_macro   0x00000000      0x652 src/ASF/common/boards/user_board/init.o
 .debug_macro   0x00000000       0x97 src/ASF/common/boards/user_board/init.o
 .debug_macro   0x00000000       0x17 src/ASF/common/boards/user_board/init.o
 .debug_macro   0x00000000      0x250 src/ASF/common/boards/user_board/init.o
 .debug_macro   0x00000000       0x76 src/ASF/common/boards/user_board/init.o
 .debug_macro   0x00000000       0x16 src/ASF/common/boards/user_board/init.o
 .debug_macro   0x00000000      0x6e3 src/ASF/common/boards/user_board/init.o
 .debug_macro   0x00000000       0x10 src/ASF/common/boards/user_board/init.o
 .debug_macro   0x00000000      0x175 src/ASF/common/boards/user_board/init.o
 .debug_macro   0x00000000       0x40 src/ASF/common/boards/user_board/init.o
 .debug_macro   0x00000000       0x69 src/ASF/common/boards/user_board/init.o
 .debug_macro   0x00000000       0x32 src/ASF/common/boards/user_board/init.o
 .debug_macro   0x00000000       0xe4 src/ASF/common/boards/user_board/init.o
 .debug_macro   0x00000000       0x1c src/ASF/common/boards/user_board/init.o
 .debug_macro   0x00000000      0x2bf src/ASF/common/boards/user_board/init.o
 .debug_macro   0x00000000       0x68 src/ASF/common/boards/user_board/init.o
 .debug_macro   0x00000000       0x2f src/ASF/common/boards/user_board/init.o
 .debug_macro   0x00000000      0x13f src/ASF/common/boards/user_board/init.o
 .debug_macro   0x00000000       0x7c src/ASF/common/boards/user_board/init.o
 .debug_macro   0x00000000      0x109 src/ASF/common/boards/user_board/init.o
 .text          0x00000000        0x0 src/ASF/xmega/drivers/cpu/ccp.o
 .data          0x00000000        0x0 src/ASF/xmega/drivers/cpu/ccp.o
 .bss           0x00000000        0x0 src/ASF/xmega/drivers/cpu/ccp.o
 .text.ccp_write_io
                0x00000000        0xc src/ASF/xmega/drivers/cpu/ccp.o
 .debug_line    0x00000000       0x6e src/ASF/xmega/drivers/cpu/ccp.o
 .debug_info    0x00000000       0x8b src/ASF/xmega/drivers/cpu/ccp.o
 .debug_abbrev  0x00000000       0x14 src/ASF/xmega/drivers/cpu/ccp.o
 .debug_aranges
                0x00000000       0x20 src/ASF/xmega/drivers/cpu/ccp.o
 .group         0x00000000        0x8 src/leds.o
 .group         0x00000000        0x8 src/leds.o
 .group         0x00000000        0x8 src/leds.o
 .group         0x00000000        0x8 src/leds.o
 .group         0x00000000        0x8 src/leds.o
 .group         0x00000000        0x8 src/leds.o
 .group         0x00000000        0x8 src/leds.o
 .group         0x00000000        0x8 src/leds.o
 .group         0x00000000        0x8 src/leds.o
 .group         0x00000000        0x8 src/leds.o
 .group         0x00000000        0x8 src/leds.o
 .group         0x00000000        0x8 src/leds.o
 .group         0x00000000        0x8 src/leds.o
 .group         0x00000000        0x8 src/leds.o
 .group         0x00000000        0x8 src/leds.o
 .group         0x00000000        0x8 src/leds.o
 .group         0x00000000        0x8 src/leds.o
 .group         0x00000000        0x8 src/leds.o
 .group         0x00000000        0x8 src/leds.o
 .group         0x00000000        0x8 src/leds.o
 .group         0x00000000        0x8 src/leds.o
 .group         0x00000000        0x8 src/leds.o
 .group         0x00000000        0x8 src/leds.o
 .group         0x00000000        0x8 src/leds.o
 .group         0x00000000        0x8 src/leds.o
 .group         0x00000000        0x8 src/leds.o
 .group         0x00000000        0x8 src/leds.o
 .group         0x00000000        0x8 src/leds.o
 .group         0x00000000        0x8 src/leds.o
 .group         0x00000000        0x8 src/leds.o
 .group         0x00000000        0x8 src/leds.o
 .group         0x00000000        0x8 src/leds.o
 .group         0x00000000        0x8 src/leds.o
 .group         0x00000000        0x8 src/leds.o
 .group         0x00000000        0x8 src/leds.o
 .group         0x00000000        0x8 src/leds.o
 .group         0x00000000        0x8 src/leds.o
 .group         0x00000000        0x8 src/leds.o
 .group         0x00000000        0x8 src/leds.o
 .group         0x00000000        0x8 src/leds.o
 .group         0x00000000        0x8 src/leds.o
 .group         0x00000000        0x8 src/leds.o
 .group         0x00000000        0x8 src/leds.o
 .text          0x00000000        0x0 src/leds.o
 .data          0x00000000        0x0 src/leds.o
 .bss           0x00000000        0x0 src/leds.o
 .text.leds_set_LD1
                0x00000000        0xc src/leds.o
 .text.leds_clear_LD1
                0x00000000        0xc src/leds.o
 .text.leds_toggle_LD1
                0x00000000        0xc src/leds.o
 .text.leds_set_LD2
                0x00000000        0xc src/leds.o
 .text.leds_clear_LD2
                0x00000000        0xc src/leds.o
 .text.leds_toggle_LD2
                0x00000000        0xc src/leds.o
 .text.leds_blink_LD2_blocking
                0x00000000       0x24 src/leds.o
 .debug_macro   0x00000000      0xa5a src/leds.o
 .debug_macro   0x00000000       0x10 src/leds.o
 .debug_macro   0x00000000      0x1c9 src/leds.o
 .debug_macro   0x00000000      0x2fc src/leds.o
 .debug_macro   0x00000000       0x9e src/leds.o
 .debug_macro   0x00000000     0x3d3c src/leds.o
 .debug_macro   0x00000000       0x9a src/leds.o
 .debug_macro   0x00000000       0xf1 src/leds.o
 .debug_macro   0x00000000       0x34 src/leds.o
 .debug_macro   0x00000000       0x10 src/leds.o
 .debug_macro   0x00000000       0x18 src/leds.o
 .debug_macro   0x00000000       0x5e src/leds.o
 .debug_macro   0x00000000       0x10 src/leds.o
 .debug_macro   0x00000000       0x22 src/leds.o
 .debug_macro   0x00000000      0x166 src/leds.o
 .debug_macro   0x00000000       0x1c src/leds.o
 .debug_macro   0x00000000       0x35 src/leds.o
 .debug_macro   0x00000000       0x66 src/leds.o
 .debug_macro   0x00000000      0x652 src/leds.o
 .debug_macro   0x00000000       0x97 src/leds.o
 .debug_macro   0x00000000       0x17 src/leds.o
 .debug_macro   0x00000000      0x250 src/leds.o
 .debug_macro   0x00000000       0x76 src/leds.o
 .debug_macro   0x00000000       0x16 src/leds.o
 .debug_macro   0x00000000      0x6e3 src/leds.o
 .debug_macro   0x00000000       0x10 src/leds.o
 .debug_macro   0x00000000      0x175 src/leds.o
 .debug_macro   0x00000000       0x40 src/leds.o
 .debug_macro   0x00000000       0x69 src/leds.o
 .debug_macro   0x00000000       0x32 src/leds.o
 .debug_macro   0x00000000       0xe4 src/leds.o
 .debug_macro   0x00000000       0x34 src/leds.o
 .debug_macro   0x00000000       0x1c src/leds.o
 .debug_macro   0x00000000      0x2bf src/leds.o
 .debug_macro   0x00000000       0x68 src/leds.o
 .debug_macro   0x00000000       0x2f src/leds.o
 .debug_macro   0x00000000      0x13f src/leds.o
 .debug_macro   0x00000000       0x28 src/leds.o
 .debug_macro   0x00000000       0x23 src/leds.o
 .debug_macro   0x00000000       0x7c src/leds.o
 .debug_macro   0x00000000      0x109 src/leds.o
 .debug_macro   0x00000000       0x40 src/leds.o
 .group         0x00000000        0x8 src/main.o
 .group         0x00000000        0x8 src/main.o
 .group         0x00000000        0x8 src/main.o
 .group         0x00000000        0x8 src/main.o
 .group         0x00000000        0x8 src/main.o
 .group         0x00000000        0x8 src/main.o
 .group         0x00000000        0x8 src/main.o
 .group         0x00000000        0x8 src/main.o
 .group         0x00000000        0x8 src/main.o
 .group         0x00000000        0x8 src/main.o
 .group         0x00000000        0x8 src/main.o
 .group         0x00000000        0x8 src/main.o
 .group         0x00000000        0x8 src/main.o
 .group         0x00000000        0x8 src/main.o
 .group         0x00000000        0x8 src/main.o
 .group         0x00000000        0x8 src/main.o
 .group         0x00000000        0x8 src/main.o
 .group         0x00000000        0x8 src/main.o
 .group         0x00000000        0x8 src/main.o
 .group         0x00000000        0x8 src/main.o
 .group         0x00000000        0x8 src/main.o
 .group         0x00000000        0x8 src/main.o
 .group         0x00000000        0x8 src/main.o
 .group         0x00000000        0x8 src/main.o
 .group         0x00000000        0x8 src/main.o
 .group         0x00000000        0x8 src/main.o
 .group         0x00000000        0x8 src/main.o
 .group         0x00000000        0x8 src/main.o
 .group         0x00000000        0x8 src/main.o
 .group         0x00000000        0x8 src/main.o
 .group         0x00000000        0x8 src/main.o
 .group         0x00000000        0x8 src/main.o
 .group         0x00000000        0x8 src/main.o
 .group         0x00000000        0x8 src/main.o
 .group         0x00000000        0x8 src/main.o
 .group         0x00000000        0x8 src/main.o
 .group         0x00000000        0x8 src/main.o
 .group         0x00000000        0x8 src/main.o
 .group         0x00000000        0x8 src/main.o
 .group         0x00000000        0x8 src/main.o
 .group         0x00000000        0x8 src/main.o
 .group         0x00000000        0x8 src/main.o
 .group         0x00000000        0x8 src/main.o
 .text          0x00000000        0x0 src/main.o
 .data          0x00000000        0x0 src/main.o
 .bss           0x00000000        0x0 src/main.o
 .debug_macro   0x00000000      0xa5a src/main.o
 .debug_macro   0x00000000       0x10 src/main.o
 .debug_macro   0x00000000      0x1c9 src/main.o
 .debug_macro   0x00000000      0x2fc src/main.o
 .debug_macro   0x00000000       0x9e src/main.o
 .debug_macro   0x00000000     0x3d3c src/main.o
 .debug_macro   0x00000000       0x9a src/main.o
 .debug_macro   0x00000000       0xf1 src/main.o
 .debug_macro   0x00000000       0x34 src/main.o
 .debug_macro   0x00000000       0x10 src/main.o
 .debug_macro   0x00000000       0x18 src/main.o
 .debug_macro   0x00000000       0x5e src/main.o
 .debug_macro   0x00000000       0x10 src/main.o
 .debug_macro   0x00000000       0x22 src/main.o
 .debug_macro   0x00000000      0x166 src/main.o
 .debug_macro   0x00000000       0x1c src/main.o
 .debug_macro   0x00000000       0x35 src/main.o
 .debug_macro   0x00000000       0x66 src/main.o
 .debug_macro   0x00000000      0x652 src/main.o
 .debug_macro   0x00000000       0x97 src/main.o
 .debug_macro   0x00000000       0x17 src/main.o
 .debug_macro   0x00000000      0x250 src/main.o
 .debug_macro   0x00000000       0x76 src/main.o
 .debug_macro   0x00000000       0x16 src/main.o
 .debug_macro   0x00000000      0x6e3 src/main.o
 .debug_macro   0x00000000       0x10 src/main.o
 .debug_macro   0x00000000      0x175 src/main.o
 .debug_macro   0x00000000       0x40 src/main.o
 .debug_macro   0x00000000       0x69 src/main.o
 .debug_macro   0x00000000       0x32 src/main.o
 .debug_macro   0x00000000       0xe4 src/main.o
 .debug_macro   0x00000000       0x34 src/main.o
 .debug_macro   0x00000000       0x1c src/main.o
 .debug_macro   0x00000000      0x2bf src/main.o
 .debug_macro   0x00000000       0x68 src/main.o
 .debug_macro   0x00000000       0x2f src/main.o
 .debug_macro   0x00000000      0x13f src/main.o
 .debug_macro   0x00000000       0x28 src/main.o
 .debug_macro   0x00000000       0x23 src/main.o
 .debug_macro   0x00000000       0x7c src/main.o
 .debug_macro   0x00000000      0x109 src/main.o
 .debug_macro   0x00000000       0x40 src/main.o
 .debug_macro   0x00000000       0x28 src/main.o
 .text          0x00000000        0x0 c:/program files (x86)/atmel/studio/7.0/toolchain/avr8/avr8-gnu-toolchain/bin/../lib/gcc/avr/4.9.2/avrxmega2\libgcc.a(_exit.o)
 .data          0x00000000        0x0 c:/program files (x86)/atmel/studio/7.0/toolchain/avr8/avr8-gnu-toolchain/bin/../lib/gcc/avr/4.9.2/avrxmega2\libgcc.a(_exit.o)
 .bss           0x00000000        0x0 c:/program files (x86)/atmel/studio/7.0/toolchain/avr8/avr8-gnu-toolchain/bin/../lib/gcc/avr/4.9.2/avrxmega2\libgcc.a(_exit.o)
 .text.libgcc.mul
                0x00000000        0x0 c:/program files (x86)/atmel/studio/7.0/toolchain/avr8/avr8-gnu-toolchain/bin/../lib/gcc/avr/4.9.2/avrxmega2\libgcc.a(_exit.o)
 .text.libgcc.div
                0x00000000        0x0 c:/program files (x86)/atmel/studio/7.0/toolchain/avr8/avr8-gnu-toolchain/bin/../lib/gcc/avr/4.9.2/avrxmega2\libgcc.a(_exit.o)
 .text.libgcc   0x00000000        0x0 c:/program files (x86)/atmel/studio/7.0/toolchain/avr8/avr8-gnu-toolchain/bin/../lib/gcc/avr/4.9.2/avrxmega2\libgcc.a(_exit.o)
 .text.libgcc.prologue
                0x00000000        0x0 c:/program files (x86)/atmel/studio/7.0/toolchain/avr8/avr8-gnu-toolchain/bin/../lib/gcc/avr/4.9.2/avrxmega2\libgcc.a(_exit.o)
 .text.libgcc.builtins
                0x00000000        0x0 c:/program files (x86)/atmel/studio/7.0/toolchain/avr8/avr8-gnu-toolchain/bin/../lib/gcc/avr/4.9.2/avrxmega2\libgcc.a(_exit.o)
 .text.libgcc.fmul
                0x00000000        0x0 c:/program files (x86)/atmel/studio/7.0/toolchain/avr8/avr8-gnu-toolchain/bin/../lib/gcc/avr/4.9.2/avrxmega2\libgcc.a(_exit.o)
 .text.libgcc.fixed
                0x00000000        0x0 c:/program files (x86)/atmel/studio/7.0/toolchain/avr8/avr8-gnu-toolchain/bin/../lib/gcc/avr/4.9.2/avrxmega2\libgcc.a(_exit.o)

Memory Configuration

Name             Origin             Length             Attributes
text             0x00000000         0x00100000         xr
data             0x00802000         0x0000ffa0         rw !x
eeprom           0x00810000         0x00010000         rw !x
fuse             0x00820000         0x00000006         rw !x
lock             0x00830000         0x00000400         rw !x
signature        0x00840000         0x00000400         rw !x
user_signatures  0x00850000         0x00000400         rw !x
*default*        0x00000000         0xffffffff

Linker script and memory map

LOAD C:/Program Files (x86)/Atmel/Studio/7.0/Packs/atmel/XMEGAD_DFP/1.1.52/gcc/dev/atxmega32d4/avrxmega2/crtatxmega32d4.o
LOAD src/ASF/common/services/clock/xmega/sysclk.o
LOAD src/ASF/common/services/ioport/xmega/ioport_compat.o
LOAD src/ASF/common/boards/user_board/init.o
LOAD src/ASF/xmega/drivers/cpu/ccp.o
LOAD src/leds.o
LOAD src/main.o
START GROUP
LOAD c:/program files (x86)/atmel/studio/7.0/toolchain/avr8/avr8-gnu-toolchain/bin/../lib/gcc/avr/4.9.2/../../../../avr/lib/avrxmega2\libm.a
END GROUP
START GROUP
LOAD c:/program files (x86)/atmel/studio/7.0/toolchain/avr8/avr8-gnu-toolchain/bin/../lib/gcc/avr/4.9.2/avrxmega2\libgcc.a
LOAD c:/program files (x86)/atmel/studio/7.0/toolchain/avr8/avr8-gnu-toolchain/bin/../lib/gcc/avr/4.9.2/../../../../avr/lib/avrxmega2\libm.a
LOAD c:/program files (x86)/atmel/studio/7.0/toolchain/avr8/avr8-gnu-toolchain/bin/../lib/gcc/avr/4.9.2/../../../../avr/lib/avrxmega2\libc.a
LOAD C:/Program Files (x86)/Atmel/Studio/7.0/Packs/atmel/XMEGAD_DFP/1.1.52/gcc/dev/atxmega32d4/avrxmega2\libatxmega32d4.a
END GROUP
                0x00100000                __TEXT_REGION_LENGTH__ = DEFINED (__TEXT_REGION_LENGTH__)?__TEXT_REGION_LENGTH__:0x100000
                0x0000ffa0                __DATA_REGION_LENGTH__ = DEFINED (__DATA_REGION_LENGTH__)?__DATA_REGION_LENGTH__:0xffa0
                0x00010000                __EEPROM_REGION_LENGTH__ = DEFINED (__EEPROM_REGION_LENGTH__)?__EEPROM_REGION_LENGTH__:0x10000
                [0x00000006]                __FUSE_REGION_LENGTH__ = DEFINED (__FUSE_REGION_LENGTH__)?__FUSE_REGION_LENGTH__:0x400
                0x00000400                __LOCK_REGION_LENGTH__ = DEFINED (__LOCK_REGION_LENGTH__)?__LOCK_REGION_LENGTH__:0x400
                0x00000400                __SIGNATURE_REGION_LENGTH__ = DEFINED (__SIGNATURE_REGION_LENGTH__)?__SIGNATURE_REGION_LENGTH__:0x400
                0x00000400                __USER_SIGNATURE_REGION_LENGTH__ = DEFINED (__USER_SIGNATURE_REGION_LENGTH__)?__USER_SIGNATURE_REGION_LENGTH__:0x400

.hash
 *(.hash)

.dynsym
 *(.dynsym)

.dynstr
 *(.dynstr)

.gnu.version
 *(.gnu.version)

.gnu.version_d
 *(.gnu.version_d)

.gnu.version_r
 *(.gnu.version_r)

.rel.init
 *(.rel.init)

.rela.init
 *(.rela.init)

.rel.text
 *(.rel.text)
 *(.rel.text.*)
 *(.rel.gnu.linkonce.t*)

.rela.text
 *(.rela.text)
 *(.rela.text.*)
 *(.rela.gnu.linkonce.t*)

.rel.fini
 *(.rel.fini)

.rela.fini
 *(.rela.fini)

.rel.rodata
 *(.rel.rodata)
 *(.rel.rodata.*)
 *(.rel.gnu.linkonce.r*)

.rela.rodata
 *(.rela.rodata)
 *(.rela.rodata.*)
 *(.rela.gnu.linkonce.r*)

.rel.data
 *(.rel.data)
 *(.rel.data.*)
 *(.rel.gnu.linkonce.d*)

.rela.data
 *(.rela.data)
 *(.rela.data.*)
 *(.rela.gnu.linkonce.d*)

.rel.ctors
 *(.rel.ctors)

.rela.ctors
 *(.rela.ctors)

.rel.dtors
 *(.rel.dtors)

.rela.dtors
 *(.rela.dtors)

.rel.got
 *(.rel.got)

.rela.got
 *(.rela.got)

.rel.bss
 *(.rel.bss)

.rela.bss
 *(.rela.bss)

.rel.plt
 *(.rel.plt)

.rela.plt
 *(.rela.plt)

.text           0x00000000      0x1fa
 *(.vectors)
 .vectors       0x00000000      0x16c C:/Program Files (x86)/Atmel/Studio/7.0/Packs/atmel/XMEGAD_DFP/1.1.52/gcc/dev/atxmega32d4/avrxmega2/crtatxmega32d4.o
                0x00000000                __vector_default
                0x00000000                __vectors
 *(.vectors)
 *(.progmem.gcc*)
                0x0000016c                . = ALIGN (0x2)
                0x0000016c                __trampolines_start = .
 *(.trampolines)
 .trampolines   0x0000016c        0x0 linker stubs
 *(.trampolines*)
                0x0000016c                __trampolines_end = .
 *libprintf_flt.a:*(.progmem.data)
 *libc.a:*(.progmem.data)
 *(.progmem*)
                0x0000016c                . = ALIGN (0x2)
 *(.jumptables)
 *(.jumptables*)
 *(.lowtext)
 *(.lowtext*)
                0x0000016c                __ctors_start = .
 *(.ctors)
                0x0000016c                __ctors_end = .
                0x0000016c                __dtors_start = .
 *(.dtors)
                0x0000016c                __dtors_end = .
 SORT(*)(.ctors)
 SORT(*)(.dtors)
 *(.init0)
 .init0         0x0000016c        0x0 C:/Program Files (x86)/Atmel/Studio/7.0/Packs/atmel/XMEGAD_DFP/1.1.52/gcc/dev/atxmega32d4/avrxmega2/crtatxmega32d4.o
                0x0000016c                __init
 *(.init0)
 *(.init1)
 *(.init1)
 *(.init2)
 .init2         0x0000016c        0xc C:/Program Files (x86)/Atmel/Studio/7.0/Packs/atmel/XMEGAD_DFP/1.1.52/gcc/dev/atxmega32d4/avrxmega2/crtatxmega32d4.o
 *(.init2)
 *(.init3)
 *(.init3)
 *(.init4)
 *(.init4)
 *(.init5)
 *(.init5)
 *(.init6)
 *(.init6)
 *(.init7)
 *(.init7)
 *(.init8)
 *(.init8)
 *(.init9)
 .init9         0x00000178        0x4 C:/Program Files (x86)/Atmel/Studio/7.0/Packs/atmel/XMEGAD_DFP/1.1.52/gcc/dev/atxmega32d4/avrxmega2/crtatxmega32d4.o
 *(.init9)
 *(.text)
 .text          0x0000017c        0x2 C:/Program Files (x86)/Atmel/Studio/7.0/Packs/atmel/XMEGAD_DFP/1.1.52/gcc/dev/atxmega32d4/avrxmega2/crtatxmega32d4.o
                0x0000017c                __vector_38
                0x0000017c                __vector_22
                0x0000017c                __vector_63
                0x0000017c                __vector_28
                0x0000017c                __vector_67
                0x0000017c                __vector_1
                0x0000017c                __vector_32
                0x0000017c                __vector_75
                0x0000017c                __vector_71
                0x0000017c                __vector_34
                0x0000017c                __vector_62
                0x0000017c                __vector_77
                0x0000017c                __vector_24
                0x0000017c                __vector_12
                0x0000017c                __vector_55
                0x0000017c                __vector_69
                0x0000017c                __vector_81
                0x0000017c                __vector_90
                0x0000017c                __vector_46
                0x0000017c                __bad_interrupt
                0x0000017c                __vector_72
                0x0000017c                __vector_6
                0x0000017c                __vector_31
                0x0000017c                __vector_35
                0x0000017c                __vector_78
                0x0000017c                __vector_74
                0x0000017c                __vector_39
                0x0000017c                __vector_3
                0x0000017c                __vector_23
                0x0000017c                __vector_68
                0x0000017c                __vector_30
                0x0000017c                __vector_73
                0x0000017c                __vector_45
                0x0000017c                __vector_25
                0x0000017c                __vector_61
                0x0000017c                __vector_11
                0x0000017c                __vector_54
                0x0000017c                __vector_13
                0x0000017c                __vector_17
                0x0000017c                __vector_19
                0x0000017c                __vector_56
                0x0000017c                __vector_7
                0x0000017c                __vector_49
                0x0000017c                __vector_41
                0x0000017c                __vector_86
                0x0000017c                __vector_64
                0x0000017c                __vector_88
                0x0000017c                __vector_43
                0x0000017c                __vector_27
                0x0000017c                __vector_5
                0x0000017c                __vector_33
                0x0000017c                __vector_76
                0x0000017c                __vector_47
                0x0000017c                __vector_52
                0x0000017c                __vector_37
                0x0000017c                __vector_89
                0x0000017c                __vector_4
                0x0000017c                __vector_44
                0x0000017c                __vector_82
                0x0000017c                __vector_51
                0x0000017c                __vector_9
                0x0000017c                __vector_2
                0x0000017c                __vector_21
                0x0000017c                __vector_15
                0x0000017c                __vector_66
                0x0000017c                __vector_36
                0x0000017c                __vector_79
                0x0000017c                __vector_58
                0x0000017c                __vector_70
                0x0000017c                __vector_83
                0x0000017c                __vector_29
                0x0000017c                __vector_60
                0x0000017c                __vector_40
                0x0000017c                __vector_85
                0x0000017c                __vector_8
                0x0000017c                __vector_26
                0x0000017c                __vector_48
                0x0000017c                __vector_80
                0x0000017c                __vector_14
                0x0000017c                __vector_84
                0x0000017c                __vector_57
                0x0000017c                __vector_53
                0x0000017c                __vector_10
                0x0000017c                __vector_50
                0x0000017c                __vector_16
                0x0000017c                __vector_59
                0x0000017c                __vector_18
                0x0000017c                __vector_20
                0x0000017c                __vector_42
                0x0000017c                __vector_87
                0x0000017c                __vector_65
                0x0000017e                . = ALIGN (0x2)
 *(.text.*)
 .text.sysclk_init
                0x0000017e       0x20 src/ASF/common/services/clock/xmega/sysclk.o
                0x0000017e                sysclk_init
 .text.board_init
                0x0000019e        0x2 src/ASF/common/boards/user_board/init.o
                0x0000019e                board_init
 .text.leds_init
                0x000001a0       0x28 src/leds.o
                0x000001a0                leds_init
 .text.leds_blink_LD1_blocking
                0x000001c8       0x24 src/leds.o
                0x000001c8                leds_blink_LD1_blocking
 .text.main     0x000001ec        0xa src/main.o
                0x000001ec                main
                0x000001f6                . = ALIGN (0x2)
 *(.fini9)
 .fini9         0x000001f6        0x0 c:/program files (x86)/atmel/studio/7.0/toolchain/avr8/avr8-gnu-toolchain/bin/../lib/gcc/avr/4.9.2/avrxmega2\libgcc.a(_exit.o)
                0x000001f6                _exit
                0x000001f6                exit
 *(.fini9)
 *(.fini8)
 *(.fini8)
 *(.fini7)
 *(.fini7)
 *(.fini6)
 *(.fini6)
 *(.fini5)
 *(.fini5)
 *(.fini4)
 *(.fini4)
 *(.fini3)
 *(.fini3)
 *(.fini2)
 *(.fini2)
 *(.fini1)
 *(.fini1)
 *(.fini0)
 .fini0         0x000001f6        0x4 c:/program files (x86)/atmel/studio/7.0/toolchain/avr8/avr8-gnu-toolchain/bin/../lib/gcc/avr/4.9.2/avrxmega2\libgcc.a(_exit.o)
 *(.fini0)
                0x000001fa                _etext = .

.data           0x00802000        0x0 load address 0x000001fa
                [!provide]                PROVIDE (__data_start, .)
 *(.data)
 *(.data*)
 *(.rodata)
 *(.rodata*)
 *(.gnu.linkonce.d*)
                0x00802000                . = ALIGN (0x2)
                0x00802000                _edata = .
                [!provide]                PROVIDE (__data_end, .)

.bss            0x00802000        0x0
                [!provide]                PROVIDE (__bss_start, .)
 *(.bss)
 *(.bss*)
 *(COMMON)
                [!provide]                PROVIDE (__bss_end, .)
                0x000001fa                __data_load_start = LOADADDR (.data)
                0x000001fa                __data_load_end = (__data_load_start + SIZEOF (.data))

.noinit         0x00802000        0x0
                [!provide]                PROVIDE (__noinit_start, .)
 *(.noinit*)
                [!provide]                PROVIDE (__noinit_end, .)
                0x00802000                _end = .
                [!provide]                PROVIDE (__heap_start, .)

.eeprom         0x00810000        0x0
 *(.eeprom*)
                0x00810000                __eeprom_end = .

.fuse
 *(.fuse)
 *(.lfuse)
 *(.hfuse)
 *(.efuse)

.lock
 *(.lock*)

.signature
 *(.signature*)

.user_signatures
 *(.user_signatures*)

.stab
 *(.stab)

.stabstr
 *(.stabstr)

.stab.excl
 *(.stab.excl)

.stab.exclstr
 *(.stab.exclstr)

.stab.index
 *(.stab.index)

.stab.indexstr
 *(.stab.indexstr)

.comment        0x00000000       0x30
 *(.comment)
 .comment       0x00000000       0x30 src/ASF/common/services/clock/xmega/sysclk.o
                                 0x31 (size before relaxing)
 .comment       0x00000030       0x31 src/ASF/common/boards/user_board/init.o
 .comment       0x00000030       0x31 src/leds.o
 .comment       0x00000030       0x31 src/main.o

.note.gnu.avr.deviceinfo
                0x00000000       0x40
 .note.gnu.avr.deviceinfo
                0x00000000       0x40 C:/Program Files (x86)/Atmel/Studio/7.0/Packs/atmel/XMEGAD_DFP/1.1.52/gcc/dev/atxmega32d4/avrxmega2/crtatxmega32d4.o

.note.gnu.build-id
 *(.note.gnu.build-id)

.debug
 *(.debug)

.line
 *(.line)

.debug_srcinfo
 *(.debug_srcinfo)

.debug_sfnames
 *(.debug_sfnames)

.debug_aranges  0x00000000       0xd0
 *(.debug_aranges)
 .debug_aranges
                0x00000000       0x30 src/ASF/common/services/clock/xmega/sysclk.o
 .debug_aranges
                0x00000030       0x20 src/ASF/common/boards/user_board/init.o
 .debug_aranges
                0x00000050       0x60 src/leds.o
 .debug_aranges
                0x000000b0       0x20 src/main.o

.debug_pubnames
 *(.debug_pubnames)

.debug_info     0x00000000     0x2691
 *(.debug_info .gnu.linkonce.wi.*)
 .debug_info    0x00000000     0x1c6f C:/Program Files (x86)/Atmel/Studio/7.0/Packs/atmel/XMEGAD_DFP/1.1.52/gcc/dev/atxmega32d4/avrxmega2/crtatxmega32d4.o
 .debug_info    0x00001c6f      0x470 src/ASF/common/services/clock/xmega/sysclk.o
 .debug_info    0x000020df       0x91 src/ASF/common/boards/user_board/init.o
 .debug_info    0x00002170      0x433 src/leds.o
 .debug_info    0x000025a3       0xee src/main.o

.debug_abbrev   0x00000000     0x1eed
 *(.debug_abbrev)
 .debug_abbrev  0x00000000     0x1aec C:/Program Files (x86)/Atmel/Studio/7.0/Packs/atmel/XMEGAD_DFP/1.1.52/gcc/dev/atxmega32d4/avrxmega2/crtatxmega32d4.o
 .debug_abbrev  0x00001aec      0x1e8 src/ASF/common/services/clock/xmega/sysclk.o
 .debug_abbrev  0x00001cd4       0x47 src/ASF/common/boards/user_board/init.o
 .debug_abbrev  0x00001d1b      0x146 src/leds.o
 .debug_abbrev  0x00001e61       0x8c src/main.o

.debug_line     0x00000000     0x1cec
 *(.debug_line .debug_line.* .debug_line_end)
 .debug_line    0x00000000      0x2b9 C:/Program Files (x86)/Atmel/Studio/7.0/Packs/atmel/XMEGAD_DFP/1.1.52/gcc/dev/atxmega32d4/avrxmega2/crtatxmega32d4.o
 .debug_line    0x000002b9      0x561 src/ASF/common/services/clock/xmega/sysclk.o
 .debug_line    0x0000081a      0x680 src/ASF/common/boards/user_board/init.o
 .debug_line    0x00000e9a      0x798 src/leds.o
 .debug_line    0x00001632      0x6ba src/main.o

.debug_frame    0x00000000      0x150
 *(.debug_frame)
 .debug_frame   0x00000000       0x64 src/ASF/common/services/clock/xmega/sysclk.o
 .debug_frame   0x00000064       0x24 src/ASF/common/boards/user_board/init.o
 .debug_frame   0x00000088       0xa4 src/leds.o
 .debug_frame   0x0000012c       0x24 src/main.o

.debug_str      0x00000000    0x2285b
 *(.debug_str)
 .debug_str     0x00000000     0x12e7 C:/Program Files (x86)/Atmel/Studio/7.0/Packs/atmel/XMEGAD_DFP/1.1.52/gcc/dev/atxmega32d4/avrxmega2/crtatxmega32d4.o
 .debug_str     0x000012e7    0x20698 src/ASF/common/services/clock/xmega/sysclk.o
                              0x20cdf (size before relaxing)
 .debug_str     0x0002197f      0xc6d src/ASF/common/boards/user_board/init.o
                              0x215ea (size before relaxing)
 .debug_str     0x000225ec      0x25c src/leds.o
                              0x219cc (size before relaxing)
 .debug_str     0x00022848       0x13 src/main.o
                              0x21675 (size before relaxing)

.debug_loc      0x00000000      0x2af
 *(.debug_loc)
 .debug_loc     0x00000000      0x20d src/ASF/common/services/clock/xmega/sysclk.o
 .debug_loc     0x0000020d       0xa2 src/leds.o

.debug_macinfo
 *(.debug_macinfo)

.debug_weaknames
 *(.debug_weaknames)

.debug_funcnames
 *(.debug_funcnames)

.debug_typenames
 *(.debug_typenames)

.debug_varnames
 *(.debug_varnames)

.debug_pubtypes
 *(.debug_pubtypes)

.debug_ranges   0x00000000       0x90
 *(.debug_ranges)
 .debug_ranges  0x00000000       0x20 src/ASF/common/services/clock/xmega/sysclk.o
 .debug_ranges  0x00000020       0x10 src/ASF/common/boards/user_board/init.o
 .debug_ranges  0x00000030       0x50 src/leds.o
 .debug_ranges  0x00000080       0x10 src/main.o

.debug_macro    0x00000000     0x7435
 *(.debug_macro)
 .debug_macro   0x00000000      0x1dd src/ASF/common/services/clock/xmega/sysclk.o
 .debug_macro   0x000001dd      0xa5a src/ASF/common/services/clock/xmega/sysclk.o
 .debug_macro   0x00000c37       0x10 src/ASF/common/services/clock/xmega/sysclk.o
 .debug_macro   0x00000c47      0x1c9 src/ASF/common/services/clock/xmega/sysclk.o
 .debug_macro   0x00000e10      0x2fc src/ASF/common/services/clock/xmega/sysclk.o
 .debug_macro   0x0000110c       0x9e src/ASF/common/services/clock/xmega/sysclk.o
 .debug_macro   0x000011aa     0x3d3c src/ASF/common/services/clock/xmega/sysclk.o
 .debug_macro   0x00004ee6       0x9a src/ASF/common/services/clock/xmega/sysclk.o
 .debug_macro   0x00004f80       0xf1 src/ASF/common/services/clock/xmega/sysclk.o
 .debug_macro   0x00005071       0x34 src/ASF/common/services/clock/xmega/sysclk.o
 .debug_macro   0x000050a5       0x10 src/ASF/common/services/clock/xmega/sysclk.o
 .debug_macro   0x000050b5       0x18 src/ASF/common/services/clock/xmega/sysclk.o
 .debug_macro   0x000050cd       0x5e src/ASF/common/services/clock/xmega/sysclk.o
 .debug_macro   0x0000512b       0x10 src/ASF/common/services/clock/xmega/sysclk.o
 .debug_macro   0x0000513b       0x22 src/ASF/common/services/clock/xmega/sysclk.o
 .debug_macro   0x0000515d      0x166 src/ASF/common/services/clock/xmega/sysclk.o
 .debug_macro   0x000052c3       0x1c src/ASF/common/services/clock/xmega/sysclk.o
 .debug_macro   0x000052df       0x35 src/ASF/common/services/clock/xmega/sysclk.o
 .debug_macro   0x00005314       0x66 src/ASF/common/services/clock/xmega/sysclk.o
 .debug_macro   0x0000537a      0x652 src/ASF/common/services/clock/xmega/sysclk.o
 .debug_macro   0x000059cc       0x97 src/ASF/common/services/clock/xmega/sysclk.o
 .debug_macro   0x00005a63       0x17 src/ASF/common/services/clock/xmega/sysclk.o
 .debug_macro   0x00005a7a      0x250 src/ASF/common/services/clock/xmega/sysclk.o
 .debug_macro   0x00005cca       0x76 src/ASF/common/services/clock/xmega/sysclk.o
 .debug_macro   0x00005d40       0x16 src/ASF/common/services/clock/xmega/sysclk.o
 .debug_macro   0x00005d56      0x6e3 src/ASF/common/services/clock/xmega/sysclk.o
 .debug_macro   0x00006439       0x10 src/ASF/common/services/clock/xmega/sysclk.o
 .debug_macro   0x00006449      0x175 src/ASF/common/services/clock/xmega/sysclk.o
 .debug_macro   0x000065be       0x40 src/ASF/common/services/clock/xmega/sysclk.o
 .debug_macro   0x000065fe       0x69 src/ASF/common/services/clock/xmega/sysclk.o
 .debug_macro   0x00006667       0x32 src/ASF/common/services/clock/xmega/sysclk.o
 .debug_macro   0x00006699       0xe4 src/ASF/common/services/clock/xmega/sysclk.o
 .debug_macro   0x0000677d       0x1c src/ASF/common/services/clock/xmega/sysclk.o
 .debug_macro   0x00006799      0x2bf src/ASF/common/services/clock/xmega/sysclk.o
 .debug_macro   0x00006a58       0x68 src/ASF/common/services/clock/xmega/sysclk.o
 .debug_macro   0x00006ac0       0x2f src/ASF/common/services/clock/xmega/sysclk.o
 .debug_macro   0x00006aef      0x13f src/ASF/common/services/clock/xmega/sysclk.o
 .debug_macro   0x00006c2e      0x25a src/ASF/common/boards/user_board/init.o
 .debug_macro   0x00006e88       0x34 src/ASF/common/boards/user_board/init.o
 .debug_macro   0x00006ebc       0x28 src/ASF/common/boards/user_board/init.o
 .debug_macro   0x00006ee4       0x23 src/ASF/common/boards/user_board/init.o
 .debug_macro   0x00006f07       0x40 src/ASF/common/boards/user_board/init.o
 .debug_macro   0x00006f47      0x263 src/leds.o
 .debug_macro   0x000071aa       0x28 src/leds.o
 .debug_macro   0x000071d2      0x263 src/main.o
OUTPUT(PootModule.elf elf32-avr)
LOAD linker stubs
